   1              		.cpu cortex-m4
   2              		.eabi_attribute 27, 1
   3              		.eabi_attribute 20, 1
   4              		.eabi_attribute 21, 1
   5              		.eabi_attribute 23, 3
   6              		.eabi_attribute 24, 1
   7              		.eabi_attribute 25, 1
   8              		.eabi_attribute 26, 1
   9              		.eabi_attribute 30, 2
  10              		.eabi_attribute 34, 1
  11              		.eabi_attribute 18, 4
  12              		.file	"syscalls.c"
  13              		.text
  14              	.Ltext0:
  15              		.cfi_sections	.debug_frame
  16              		.section	.text._sbrk,"ax",%progbits
  17              		.align	1
  18              		.p2align 2,,3
  19              		.global	_sbrk
  20              		.syntax unified
  21              		.thumb
  22              		.thumb_func
  23              		.fpu fpv4-sp-d16
  25              	_sbrk:
  26              	.LFB0:
  27              		.file 1 "/opt/XMClib/XMC_Peripheral_Library_v2.1.16/ThirdPartyLibraries/Newlib/syscalls.c"
   1:/opt/XMClib/XMC_Peripheral_Library_v2.1.16/ThirdPartyLibraries/Newlib/syscalls.c **** /**************************************************************************************************
   2:/opt/XMClib/XMC_Peripheral_Library_v2.1.16/ThirdPartyLibraries/Newlib/syscalls.c ****  * @file     syscalls.c
   3:/opt/XMClib/XMC_Peripheral_Library_v2.1.16/ThirdPartyLibraries/Newlib/syscalls.c ****  * @brief    Newlib stubs
   4:/opt/XMClib/XMC_Peripheral_Library_v2.1.16/ThirdPartyLibraries/Newlib/syscalls.c ****  * @version  V1.6
   5:/opt/XMClib/XMC_Peripheral_Library_v2.1.16/ThirdPartyLibraries/Newlib/syscalls.c ****  * @date     20 Apr 2017
   6:/opt/XMClib/XMC_Peripheral_Library_v2.1.16/ThirdPartyLibraries/Newlib/syscalls.c ****  *
   7:/opt/XMClib/XMC_Peripheral_Library_v2.1.16/ThirdPartyLibraries/Newlib/syscalls.c ****  * @cond
   8:/opt/XMClib/XMC_Peripheral_Library_v2.1.16/ThirdPartyLibraries/Newlib/syscalls.c ****  **************************************************************************************************
   9:/opt/XMClib/XMC_Peripheral_Library_v2.1.16/ThirdPartyLibraries/Newlib/syscalls.c ****  * Copyright (c) 2015-2017, Infineon Technologies AG
  10:/opt/XMClib/XMC_Peripheral_Library_v2.1.16/ThirdPartyLibraries/Newlib/syscalls.c ****  * All rights reserved.
  11:/opt/XMClib/XMC_Peripheral_Library_v2.1.16/ThirdPartyLibraries/Newlib/syscalls.c ****  *
  12:/opt/XMClib/XMC_Peripheral_Library_v2.1.16/ThirdPartyLibraries/Newlib/syscalls.c ****  * Redistribution and use in source and binary forms, with or without modification,are permitted pr
  13:/opt/XMClib/XMC_Peripheral_Library_v2.1.16/ThirdPartyLibraries/Newlib/syscalls.c ****  * following conditions are met:
  14:/opt/XMClib/XMC_Peripheral_Library_v2.1.16/ThirdPartyLibraries/Newlib/syscalls.c ****  *
  15:/opt/XMClib/XMC_Peripheral_Library_v2.1.16/ThirdPartyLibraries/Newlib/syscalls.c ****  * Redistributions of source code must retain the above copyright notice, this list of conditions a
  16:/opt/XMClib/XMC_Peripheral_Library_v2.1.16/ThirdPartyLibraries/Newlib/syscalls.c ****  * disclaimer.
  17:/opt/XMClib/XMC_Peripheral_Library_v2.1.16/ThirdPartyLibraries/Newlib/syscalls.c ****  *
  18:/opt/XMClib/XMC_Peripheral_Library_v2.1.16/ThirdPartyLibraries/Newlib/syscalls.c ****  * Redistributions in binary form must reproduce the above copyright notice, this list of condition
  19:/opt/XMClib/XMC_Peripheral_Library_v2.1.16/ThirdPartyLibraries/Newlib/syscalls.c ****  * disclaimer in the documentation and/or other materials provided with the distribution.
  20:/opt/XMClib/XMC_Peripheral_Library_v2.1.16/ThirdPartyLibraries/Newlib/syscalls.c ****  *
  21:/opt/XMClib/XMC_Peripheral_Library_v2.1.16/ThirdPartyLibraries/Newlib/syscalls.c ****  * Neither the name of the copyright holders nor the names of its contributors may be used to endor
  22:/opt/XMClib/XMC_Peripheral_Library_v2.1.16/ThirdPartyLibraries/Newlib/syscalls.c ****  * products derived from this software without specific prior written permission.
  23:/opt/XMClib/XMC_Peripheral_Library_v2.1.16/ThirdPartyLibraries/Newlib/syscalls.c ****  *
  24:/opt/XMClib/XMC_Peripheral_Library_v2.1.16/ThirdPartyLibraries/Newlib/syscalls.c ****  * THIS SOFTWARE IS PROVIDED BY THE COPYRIGHT HOLDERS AND CONTRIBUTORS "AS IS" AND ANY EXPRESS OR I
  25:/opt/XMClib/XMC_Peripheral_Library_v2.1.16/ThirdPartyLibraries/Newlib/syscalls.c ****  * INCLUDING, BUT NOT LIMITED TO, THE IMPLIED WARRANTIES OF MERCHANTABILITY AND FITNESS FOR A PARTI
  26:/opt/XMClib/XMC_Peripheral_Library_v2.1.16/ThirdPartyLibraries/Newlib/syscalls.c ****  * DISCLAIMED. IN NO EVENT SHALL THE COPYRIGHT HOLDER OR CONTRIBUTORS BE LIABLE  FOR ANY DIRECT, IN
  27:/opt/XMClib/XMC_Peripheral_Library_v2.1.16/ThirdPartyLibraries/Newlib/syscalls.c ****  * SPECIAL, EXEMPLARY, OR CONSEQUENTIAL DAMAGES (INCLUDING, BUT NOT LIMITED TO, PROCUREMENT OF SUBS
  28:/opt/XMClib/XMC_Peripheral_Library_v2.1.16/ThirdPartyLibraries/Newlib/syscalls.c ****  * SERVICES; LOSS OF USE, DATA, OR PROFITS; OR BUSINESS INTERRUPTION) HOWEVER CAUSED AND ON ANY THE
  29:/opt/XMClib/XMC_Peripheral_Library_v2.1.16/ThirdPartyLibraries/Newlib/syscalls.c ****  * WHETHER IN CONTRACT, STRICT LIABILITY,OR TORT (INCLUDING NEGLIGENCE OR OTHERWISE) ARISING IN ANY
  30:/opt/XMClib/XMC_Peripheral_Library_v2.1.16/ThirdPartyLibraries/Newlib/syscalls.c ****  * OF THIS SOFTWARE, EVEN IF ADVISED OF THE POSSIBILITY OF SUCH DAMAGE.
  31:/opt/XMClib/XMC_Peripheral_Library_v2.1.16/ThirdPartyLibraries/Newlib/syscalls.c ****  *
  32:/opt/XMClib/XMC_Peripheral_Library_v2.1.16/ThirdPartyLibraries/Newlib/syscalls.c ****  * To improve the quality of the software, users are encouraged to share modifications, enhancement
  33:/opt/XMClib/XMC_Peripheral_Library_v2.1.16/ThirdPartyLibraries/Newlib/syscalls.c ****  * Infineon Technologies AG dave@infineon.com).
  34:/opt/XMClib/XMC_Peripheral_Library_v2.1.16/ThirdPartyLibraries/Newlib/syscalls.c ****  **************************************************************************************************
  35:/opt/XMClib/XMC_Peripheral_Library_v2.1.16/ThirdPartyLibraries/Newlib/syscalls.c ****  *
  36:/opt/XMClib/XMC_Peripheral_Library_v2.1.16/ThirdPartyLibraries/Newlib/syscalls.c ****  * *************************** Change history ********************************
  37:/opt/XMClib/XMC_Peripheral_Library_v2.1.16/ThirdPartyLibraries/Newlib/syscalls.c ****  * V0.1                  : Initial version
  38:/opt/XMClib/XMC_Peripheral_Library_v2.1.16/ThirdPartyLibraries/Newlib/syscalls.c ****  * V0.2                  : Label updates
  39:/opt/XMClib/XMC_Peripheral_Library_v2.1.16/ThirdPartyLibraries/Newlib/syscalls.c ****  * V1.0                  : Made _sbrk device agnostic
  40:/opt/XMClib/XMC_Peripheral_Library_v2.1.16/ThirdPartyLibraries/Newlib/syscalls.c ****  * V1.1                  : C++ support
  41:/opt/XMClib/XMC_Peripheral_Library_v2.1.16/ThirdPartyLibraries/Newlib/syscalls.c ****  * V1.2                  : Restored compatibility with old project files
  42:/opt/XMClib/XMC_Peripheral_Library_v2.1.16/ThirdPartyLibraries/Newlib/syscalls.c ****  * V1.3    Jan 2014, PKB : Encapsulating everything in this file for use only with GCC
  43:/opt/XMClib/XMC_Peripheral_Library_v2.1.16/ThirdPartyLibraries/Newlib/syscalls.c ****  * V1.4 11 Dec 2015, JFT : Fix heap overflow
  44:/opt/XMClib/XMC_Peripheral_Library_v2.1.16/ThirdPartyLibraries/Newlib/syscalls.c ****  * V1.5 09 Mar 2016, JFT : Add dso_handle to support destructors call at exit 
  45:/opt/XMClib/XMC_Peripheral_Library_v2.1.16/ThirdPartyLibraries/Newlib/syscalls.c ****  * V1.6 20 Apr 2017, JFT : Foward declaration of __sbrk to fix link time optimization (-flto) compi
  46:/opt/XMClib/XMC_Peripheral_Library_v2.1.16/ThirdPartyLibraries/Newlib/syscalls.c ****  * @endcond
  47:/opt/XMClib/XMC_Peripheral_Library_v2.1.16/ThirdPartyLibraries/Newlib/syscalls.c ****  */
  48:/opt/XMClib/XMC_Peripheral_Library_v2.1.16/ThirdPartyLibraries/Newlib/syscalls.c **** 
  49:/opt/XMClib/XMC_Peripheral_Library_v2.1.16/ThirdPartyLibraries/Newlib/syscalls.c **** /*
  50:/opt/XMClib/XMC_Peripheral_Library_v2.1.16/ThirdPartyLibraries/Newlib/syscalls.c ****  * This file contains stubs for standard C library functionality that must
  51:/opt/XMClib/XMC_Peripheral_Library_v2.1.16/ThirdPartyLibraries/Newlib/syscalls.c ****  * typically be provided for the underlying platform.
  52:/opt/XMClib/XMC_Peripheral_Library_v2.1.16/ThirdPartyLibraries/Newlib/syscalls.c ****  *
  53:/opt/XMClib/XMC_Peripheral_Library_v2.1.16/ThirdPartyLibraries/Newlib/syscalls.c ****  */
  54:/opt/XMClib/XMC_Peripheral_Library_v2.1.16/ThirdPartyLibraries/Newlib/syscalls.c **** #if defined ( __GNUC__ )
  55:/opt/XMClib/XMC_Peripheral_Library_v2.1.16/ThirdPartyLibraries/Newlib/syscalls.c **** 
  56:/opt/XMClib/XMC_Peripheral_Library_v2.1.16/ThirdPartyLibraries/Newlib/syscalls.c **** #include <stdint.h>
  57:/opt/XMClib/XMC_Peripheral_Library_v2.1.16/ThirdPartyLibraries/Newlib/syscalls.c **** #include <errno.h>
  58:/opt/XMClib/XMC_Peripheral_Library_v2.1.16/ThirdPartyLibraries/Newlib/syscalls.c **** #include <sys/types.h>
  59:/opt/XMClib/XMC_Peripheral_Library_v2.1.16/ThirdPartyLibraries/Newlib/syscalls.c **** 
  60:/opt/XMClib/XMC_Peripheral_Library_v2.1.16/ThirdPartyLibraries/Newlib/syscalls.c **** /* Forward prototypes.  */
  61:/opt/XMClib/XMC_Peripheral_Library_v2.1.16/ThirdPartyLibraries/Newlib/syscalls.c **** caddr_t _sbrk(int nbytes) __attribute__((externally_visible));
  62:/opt/XMClib/XMC_Peripheral_Library_v2.1.16/ThirdPartyLibraries/Newlib/syscalls.c **** void _init(void) __attribute__((externally_visible));
  63:/opt/XMClib/XMC_Peripheral_Library_v2.1.16/ThirdPartyLibraries/Newlib/syscalls.c **** 
  64:/opt/XMClib/XMC_Peripheral_Library_v2.1.16/ThirdPartyLibraries/Newlib/syscalls.c **** /* c++ destructor dynamic shared object needed if -fuse-cxa-atexit is used*/
  65:/opt/XMClib/XMC_Peripheral_Library_v2.1.16/ThirdPartyLibraries/Newlib/syscalls.c **** void *__dso_handle __attribute__ ((weak));
  66:/opt/XMClib/XMC_Peripheral_Library_v2.1.16/ThirdPartyLibraries/Newlib/syscalls.c **** 
  67:/opt/XMClib/XMC_Peripheral_Library_v2.1.16/ThirdPartyLibraries/Newlib/syscalls.c **** // defined in linker script
  68:/opt/XMClib/XMC_Peripheral_Library_v2.1.16/ThirdPartyLibraries/Newlib/syscalls.c **** extern caddr_t Heap_Bank1_Start;
  69:/opt/XMClib/XMC_Peripheral_Library_v2.1.16/ThirdPartyLibraries/Newlib/syscalls.c **** extern caddr_t Heap_Bank1_End;
  70:/opt/XMClib/XMC_Peripheral_Library_v2.1.16/ThirdPartyLibraries/Newlib/syscalls.c **** caddr_t _sbrk(int nbytes)
  71:/opt/XMClib/XMC_Peripheral_Library_v2.1.16/ThirdPartyLibraries/Newlib/syscalls.c **** {
  28              		.loc 1 71 0
  29              		.cfi_startproc
  30              		@ args = 0, pretend = 0, frame = 0
  31              		@ frame_needed = 0, uses_anonymous_args = 0
  32              	.LVL0:
  72:/opt/XMClib/XMC_Peripheral_Library_v2.1.16/ThirdPartyLibraries/Newlib/syscalls.c ****   static caddr_t heap_ptr = NULL;
  73:/opt/XMClib/XMC_Peripheral_Library_v2.1.16/ThirdPartyLibraries/Newlib/syscalls.c ****   caddr_t base;
  74:/opt/XMClib/XMC_Peripheral_Library_v2.1.16/ThirdPartyLibraries/Newlib/syscalls.c **** 
  75:/opt/XMClib/XMC_Peripheral_Library_v2.1.16/ThirdPartyLibraries/Newlib/syscalls.c ****   if (heap_ptr == NULL) {
  33              		.loc 1 75 0
  34 0000 0C4A     		ldr	r2, .L8
  71:/opt/XMClib/XMC_Peripheral_Library_v2.1.16/ThirdPartyLibraries/Newlib/syscalls.c ****   static caddr_t heap_ptr = NULL;
  35              		.loc 1 71 0
  36 0002 08B5     		push	{r3, lr}
  37              	.LCFI0:
  38              		.cfi_def_cfa_offset 8
  39              		.cfi_offset 3, -8
  40              		.cfi_offset 14, -4
  41              		.loc 1 75 0
  42 0004 1368     		ldr	r3, [r2]
  43 0006 8BB1     		cbz	r3, .L7
  44              	.L2:
  45              	.LVL1:
  76:/opt/XMClib/XMC_Peripheral_Library_v2.1.16/ThirdPartyLibraries/Newlib/syscalls.c ****     heap_ptr = (caddr_t)&Heap_Bank1_Start;
  77:/opt/XMClib/XMC_Peripheral_Library_v2.1.16/ThirdPartyLibraries/Newlib/syscalls.c ****   }
  78:/opt/XMClib/XMC_Peripheral_Library_v2.1.16/ThirdPartyLibraries/Newlib/syscalls.c **** 
  79:/opt/XMClib/XMC_Peripheral_Library_v2.1.16/ThirdPartyLibraries/Newlib/syscalls.c ****   base = heap_ptr;
  80:/opt/XMClib/XMC_Peripheral_Library_v2.1.16/ThirdPartyLibraries/Newlib/syscalls.c **** 
  81:/opt/XMClib/XMC_Peripheral_Library_v2.1.16/ThirdPartyLibraries/Newlib/syscalls.c ****   /* heap word alignment */
  82:/opt/XMClib/XMC_Peripheral_Library_v2.1.16/ThirdPartyLibraries/Newlib/syscalls.c ****   nbytes = (nbytes + 3) & ~0x3U;
  46              		.loc 1 82 0
  47 0008 0330     		adds	r0, r0, #3
  48              	.LVL2:
  49 000a 20F00300 		bic	r0, r0, #3
  50              	.LVL3:
  83:/opt/XMClib/XMC_Peripheral_Library_v2.1.16/ThirdPartyLibraries/Newlib/syscalls.c ****   if ((caddr_t)&Heap_Bank1_End > (heap_ptr + nbytes))
  51              		.loc 1 83 0
  52 000e 0A49     		ldr	r1, .L8+4
  53 0010 1844     		add	r0, r0, r3
  54              	.LVL4:
  55 0012 8842     		cmp	r0, r1
  56 0014 02D2     		bcs	.L3
  84:/opt/XMClib/XMC_Peripheral_Library_v2.1.16/ThirdPartyLibraries/Newlib/syscalls.c ****   {
  85:/opt/XMClib/XMC_Peripheral_Library_v2.1.16/ThirdPartyLibraries/Newlib/syscalls.c ****     heap_ptr += nbytes;
  57              		.loc 1 85 0
  58 0016 1060     		str	r0, [r2]
  59              	.LVL5:
  86:/opt/XMClib/XMC_Peripheral_Library_v2.1.16/ThirdPartyLibraries/Newlib/syscalls.c ****     return (base);
  87:/opt/XMClib/XMC_Peripheral_Library_v2.1.16/ThirdPartyLibraries/Newlib/syscalls.c ****   }
  88:/opt/XMClib/XMC_Peripheral_Library_v2.1.16/ThirdPartyLibraries/Newlib/syscalls.c ****   else
  89:/opt/XMClib/XMC_Peripheral_Library_v2.1.16/ThirdPartyLibraries/Newlib/syscalls.c ****   {
  90:/opt/XMClib/XMC_Peripheral_Library_v2.1.16/ThirdPartyLibraries/Newlib/syscalls.c ****     /* Heap overflow */
  91:/opt/XMClib/XMC_Peripheral_Library_v2.1.16/ThirdPartyLibraries/Newlib/syscalls.c ****     errno = ENOMEM;
  92:/opt/XMClib/XMC_Peripheral_Library_v2.1.16/ThirdPartyLibraries/Newlib/syscalls.c ****     return ((caddr_t)-1);
  93:/opt/XMClib/XMC_Peripheral_Library_v2.1.16/ThirdPartyLibraries/Newlib/syscalls.c ****   }
  94:/opt/XMClib/XMC_Peripheral_Library_v2.1.16/ThirdPartyLibraries/Newlib/syscalls.c **** }
  60              		.loc 1 94 0
  61 0018 1846     		mov	r0, r3
  62 001a 08BD     		pop	{r3, pc}
  63              	.LVL6:
  64              	.L3:
  91:/opt/XMClib/XMC_Peripheral_Library_v2.1.16/ThirdPartyLibraries/Newlib/syscalls.c ****     return ((caddr_t)-1);
  65              		.loc 1 91 0
  66 001c FFF7FEFF 		bl	__errno
  67              	.LVL7:
  68 0020 0C23     		movs	r3, #12
  69 0022 0360     		str	r3, [r0]
  92:/opt/XMClib/XMC_Peripheral_Library_v2.1.16/ThirdPartyLibraries/Newlib/syscalls.c ****   }
  70              		.loc 1 92 0
  71 0024 4FF0FF33 		mov	r3, #-1
  72              		.loc 1 94 0
  73 0028 1846     		mov	r0, r3
  74 002a 08BD     		pop	{r3, pc}
  75              	.LVL8:
  76              	.L7:
  76:/opt/XMClib/XMC_Peripheral_Library_v2.1.16/ThirdPartyLibraries/Newlib/syscalls.c ****   }
  77              		.loc 1 76 0
  78 002c 034B     		ldr	r3, .L8+8
  79 002e 1360     		str	r3, [r2]
  80 0030 EAE7     		b	.L2
  81              	.L9:
  82 0032 00BF     		.align	2
  83              	.L8:
  84 0034 00000000 		.word	.LANCHOR0
  85 0038 00000000 		.word	Heap_Bank1_End
  86 003c 00000000 		.word	Heap_Bank1_Start
  87              		.cfi_endproc
  88              	.LFE0:
  90              		.section	.text._init,"ax",%progbits
  91              		.align	1
  92              		.p2align 2,,3
  93              		.global	_init
  94              		.syntax unified
  95              		.thumb
  96              		.thumb_func
  97              		.fpu fpv4-sp-d16
  99              	_init:
 100              	.LFB1:
  95:/opt/XMClib/XMC_Peripheral_Library_v2.1.16/ThirdPartyLibraries/Newlib/syscalls.c **** 
  96:/opt/XMClib/XMC_Peripheral_Library_v2.1.16/ThirdPartyLibraries/Newlib/syscalls.c **** /* Init */
  97:/opt/XMClib/XMC_Peripheral_Library_v2.1.16/ThirdPartyLibraries/Newlib/syscalls.c **** void _init(void)
  98:/opt/XMClib/XMC_Peripheral_Library_v2.1.16/ThirdPartyLibraries/Newlib/syscalls.c **** {}
 101              		.loc 1 98 0
 102              		.cfi_startproc
 103              		@ args = 0, pretend = 0, frame = 0
 104              		@ frame_needed = 0, uses_anonymous_args = 0
 105              		@ link register save eliminated.
 106              		.loc 1 98 0
 107 0000 7047     		bx	lr
 108              		.cfi_endproc
 109              	.LFE1:
 111              		.weak	__dso_handle
 112 0002 00BF     		.bss
 113              		.align	2
 114              		.set	.LANCHOR0,. + 0
 117              	heap_ptr.5731:
 118 0000 00000000 		.space	4
 121              	__dso_handle:
 122 0004 00000000 		.space	4
 123              		.text
 124              	.Letext0:
 125              		.file 2 "/usr/arm-none-eabi/include/sys/lock.h"
 126              		.file 3 "/usr/arm-none-eabi/include/sys/_types.h"
 127              		.file 4 "/usr/lib/gcc/arm-none-eabi/7.3.1/include/stddef.h"
 128              		.file 5 "/usr/arm-none-eabi/include/sys/reent.h"
 129              		.file 6 "/usr/arm-none-eabi/include/sys/errno.h"
 130              		.file 7 "/usr/arm-none-eabi/include/sys/types.h"
DEFINED SYMBOLS
                            *ABS*:0000000000000000 syscalls.c
     /tmp/ccpuBSpR.s:17     .text._sbrk:0000000000000000 $t
     /tmp/ccpuBSpR.s:25     .text._sbrk:0000000000000000 _sbrk
     /tmp/ccpuBSpR.s:84     .text._sbrk:0000000000000034 $d
     /tmp/ccpuBSpR.s:91     .text._init:0000000000000000 $t
     /tmp/ccpuBSpR.s:99     .text._init:0000000000000000 _init
     /tmp/ccpuBSpR.s:121    .bss:0000000000000004 __dso_handle
     /tmp/ccpuBSpR.s:113    .bss:0000000000000000 $d
     /tmp/ccpuBSpR.s:117    .bss:0000000000000000 heap_ptr.5731
                           .group:0000000000000000 wm4.0.33cb493f6332016dc29bb220a2be3d23
                           .group:0000000000000000 wm4._newlib_version.h.4.875b979a44719054cd750d0952ad3fd6
                           .group:0000000000000000 wm4.features.h.33.5bd1eea2d80518b50f7af0b5ce6750e0
                           .group:0000000000000000 wm4._default_types.h.15.247e5cd201eca3442cbf5404108c4935
                           .group:0000000000000000 wm4._intsup.h.10.cce27fed8484c08a33f522034c30d2b5
                           .group:0000000000000000 wm4._stdint.h.10.c24fa3af3bc1706662bb5593a907e841
                           .group:0000000000000000 wm4.stdint.h.23.d53047a68f4a85177f80b422d52785ed
                           .group:0000000000000000 wm4.errno.h.2.ba016d646105af6cad23be83630b6a3f
                           .group:0000000000000000 wm4.newlib.h.8.f6e543eac3f2f65163ba2ffe3b04987b
                           .group:0000000000000000 wm4.ieeefp.h.77.220d9cccac42cd58761758bee2df4ce6
                           .group:0000000000000000 wm4.config.h.220.6cac6a9685cfce5e83c17784171638d9
                           .group:0000000000000000 wm4._ansi.h.31.de524f58584151836e90d8620a16f8e8
                           .group:0000000000000000 wm4.stddef.h.39.99b5021e28f91cdb161c889e07266673
                           .group:0000000000000000 wm4.lock.h.2.1461d1fff82dffe8bfddc23307f6484f
                           .group:0000000000000000 wm4._types.h.125.5cf8a495f1f7ef36777ad868a1e32068
                           .group:0000000000000000 wm4.stddef.h.161.5349cb105733e8777bfb0cf53c4e3f34
                           .group:0000000000000000 wm4._types.h.184.03611d4f6b5bec9997bcf4279eceba07
                           .group:0000000000000000 wm4.reent.h.17.90c2574d4acdcfce933db5cb09ff35fe
                           .group:0000000000000000 wm4.errno.h.14.6a5939d3ae7434a1e97991a97123b12d
                           .group:0000000000000000 wm4.cdefs.h.47.14fad0b327eb9dcf106599b738d85132
                           .group:0000000000000000 wm4.types.h.40.e8c16e7ec36ba55f133d0616070e25fc
                           .group:0000000000000000 wm4._endian.h.31.65a10590763c3dde1ac4a7f66d7d4891
                           .group:0000000000000000 wm4.endian.h.9.49f3a4695c1b61e8a0808de3c4a106cb
                           .group:0000000000000000 wm4._timeval.h.30.0e8bfd94e85db17dda3286ee81496fe6
                           .group:0000000000000000 wm4.timespec.h.41.d855182eb0e690443ab8651bcedca6e1
                           .group:0000000000000000 wm4.select.h.19.97ca6fd0c752a0f3b6719fd314d361e6
                           .group:0000000000000000 wm4.types.h.69.ed3eae3cf73030a737515151ebcab7a1
                           .group:0000000000000000 wm4.sched.h.22.c60982713a5c428609783c78f9c78d95
                           .group:0000000000000000 wm4._pthreadtypes.h.36.fcee9961c35163dde6267ef772ad1972

UNDEFINED SYMBOLS
__errno
Heap_Bank1_End
Heap_Bank1_Start
