Archive member included to satisfy reference by file (symbol)

/usr/bin/../lib/gcc/arm-none-eabi/7.3.1/../../../../arm-none-eabi/lib/thumb/v7e-m/libg.a(lib_a-errno.o)
                              lib_build/syscalls.o (__errno)
/usr/bin/../lib/gcc/arm-none-eabi/7.3.1/../../../../arm-none-eabi/lib/thumb/v7e-m/libg.a(lib_a-impure.o)
                              /usr/bin/../lib/gcc/arm-none-eabi/7.3.1/../../../../arm-none-eabi/lib/thumb/v7e-m/libg.a(lib_a-errno.o) (_impure_ptr)
/usr/bin/../lib/gcc/arm-none-eabi/7.3.1/../../../../arm-none-eabi/lib/thumb/v7e-m/libg.a(lib_a-init.o)
                              lib_build/startup_XMC4500.o (__libc_init_array)

Discarded input sections

 .group         0x0000000000000000        0xc build/dimming.o
 .group         0x0000000000000000        0xc build/dimming.o
 .group         0x0000000000000000        0xc build/dimming.o
 .group         0x0000000000000000        0xc build/dimming.o
 .group         0x0000000000000000        0xc build/dimming.o
 .group         0x0000000000000000        0xc build/dimming.o
 .group         0x0000000000000000        0xc build/dimming.o
 .group         0x0000000000000000        0xc build/dimming.o
 .group         0x0000000000000000        0xc build/dimming.o
 .group         0x0000000000000000        0xc build/dimming.o
 .group         0x0000000000000000        0xc build/dimming.o
 .group         0x0000000000000000        0xc build/dimming.o
 .group         0x0000000000000000        0xc build/dimming.o
 .group         0x0000000000000000        0xc build/dimming.o
 .group         0x0000000000000000        0xc build/dimming.o
 .group         0x0000000000000000        0xc build/dimming.o
 .group         0x0000000000000000        0xc build/dimming.o
 .group         0x0000000000000000        0xc build/dimming.o
 .group         0x0000000000000000        0xc build/dimming.o
 .group         0x0000000000000000        0xc build/dimming.o
 .group         0x0000000000000000        0xc build/dimming.o
 .group         0x0000000000000000        0xc build/dimming.o
 .group         0x0000000000000000        0xc build/dimming.o
 .group         0x0000000000000000        0xc build/dimming.o
 .group         0x0000000000000000        0xc build/dimming.o
 .group         0x0000000000000000        0xc build/dimming.o
 .group         0x0000000000000000        0xc build/dimming.o
 .group         0x0000000000000000        0xc build/dimming.o
 .group         0x0000000000000000        0xc build/dimming.o
 .group         0x0000000000000000        0xc build/dimming.o
 .comment       0x0000000000000000       0x80 build/dimming.o
 .group         0x0000000000000000        0xc lib_build/xmc_common.o
 .group         0x0000000000000000        0xc lib_build/xmc_common.o
 .group         0x0000000000000000        0xc lib_build/xmc_common.o
 .group         0x0000000000000000        0xc lib_build/xmc_common.o
 .group         0x0000000000000000        0xc lib_build/xmc_common.o
 .group         0x0000000000000000        0xc lib_build/xmc_common.o
 .group         0x0000000000000000        0xc lib_build/xmc_common.o
 .group         0x0000000000000000        0xc lib_build/xmc_common.o
 .group         0x0000000000000000        0xc lib_build/xmc_common.o
 .group         0x0000000000000000        0xc lib_build/xmc_common.o
 .group         0x0000000000000000        0xc lib_build/xmc_common.o
 .group         0x0000000000000000        0xc lib_build/xmc_common.o
 .group         0x0000000000000000        0xc lib_build/xmc_common.o
 .group         0x0000000000000000        0xc lib_build/xmc_common.o
 .group         0x0000000000000000        0xc lib_build/xmc_common.o
 .group         0x0000000000000000        0xc lib_build/xmc_common.o
 .group         0x0000000000000000        0xc lib_build/xmc_common.o
 .group         0x0000000000000000        0xc lib_build/xmc_common.o
 .group         0x0000000000000000        0xc lib_build/xmc_common.o
 .group         0x0000000000000000        0xc lib_build/xmc_common.o
 .group         0x0000000000000000        0xc lib_build/xmc_common.o
 .group         0x0000000000000000        0xc lib_build/xmc_common.o
 .group         0x0000000000000000        0xc lib_build/xmc_common.o
 .group         0x0000000000000000        0xc lib_build/xmc_common.o
 .group         0x0000000000000000        0xc lib_build/xmc_common.o
 .group         0x0000000000000000        0xc lib_build/xmc_common.o
 .group         0x0000000000000000        0xc lib_build/xmc_common.o
 .group         0x0000000000000000        0xc lib_build/xmc_common.o
 .group         0x0000000000000000        0xc lib_build/xmc_common.o
 .group         0x0000000000000000        0xc lib_build/xmc_common.o
 .debug_macro   0x0000000000000000      0xa4e lib_build/xmc_common.o
 .debug_macro   0x0000000000000000      0x16d lib_build/xmc_common.o
 .debug_macro   0x0000000000000000       0x22 lib_build/xmc_common.o
 .debug_macro   0x0000000000000000       0x8e lib_build/xmc_common.o
 .debug_macro   0x0000000000000000       0x51 lib_build/xmc_common.o
 .debug_macro   0x0000000000000000       0xef lib_build/xmc_common.o
 .debug_macro   0x0000000000000000       0x6a lib_build/xmc_common.o
 .debug_macro   0x0000000000000000      0x1df lib_build/xmc_common.o
 .debug_macro   0x0000000000000000       0x22 lib_build/xmc_common.o
 .debug_macro   0x0000000000000000       0x5e lib_build/xmc_common.o
 .debug_macro   0x0000000000000000       0x18 lib_build/xmc_common.o
 .debug_macro   0x0000000000000000       0x35 lib_build/xmc_common.o
 .debug_macro   0x0000000000000000       0x34 lib_build/xmc_common.o
 .debug_macro   0x0000000000000000       0x58 lib_build/xmc_common.o
 .debug_macro   0x0000000000000000       0x1f lib_build/xmc_common.o
 .debug_macro   0x0000000000000000       0x43 lib_build/xmc_common.o
 .debug_macro   0x0000000000000000       0x20 lib_build/xmc_common.o
 .debug_macro   0x0000000000000000      0x18e lib_build/xmc_common.o
 .debug_macro   0x0000000000000000      0x353 lib_build/xmc_common.o
 .debug_macro   0x0000000000000000       0x10 lib_build/xmc_common.o
 .debug_macro   0x0000000000000000       0x35 lib_build/xmc_common.o
 .debug_macro   0x0000000000000000      0x167 lib_build/xmc_common.o
 .debug_macro   0x0000000000000000       0x2d lib_build/xmc_common.o
 .debug_macro   0x0000000000000000       0x28 lib_build/xmc_common.o
 .debug_macro   0x0000000000000000       0xaf lib_build/xmc_common.o
 .debug_macro   0x0000000000000000      0xfe7 lib_build/xmc_common.o
 .debug_macro   0x0000000000000000       0x16 lib_build/xmc_common.o
 .debug_macro   0x0000000000000000    0x1474b lib_build/xmc_common.o
 .debug_macro   0x0000000000000000       0x12 lib_build/xmc_common.o
 .debug_macro   0x0000000000000000       0x4c lib_build/xmc_common.o
 .comment       0x0000000000000000       0x80 lib_build/xmc_common.o
 .group         0x0000000000000000        0xc lib_build/system_XMC4500.o
 .group         0x0000000000000000        0xc lib_build/system_XMC4500.o
 .group         0x0000000000000000        0xc lib_build/system_XMC4500.o
 .group         0x0000000000000000        0xc lib_build/system_XMC4500.o
 .group         0x0000000000000000        0xc lib_build/system_XMC4500.o
 .group         0x0000000000000000        0xc lib_build/system_XMC4500.o
 .group         0x0000000000000000        0xc lib_build/system_XMC4500.o
 .group         0x0000000000000000        0xc lib_build/system_XMC4500.o
 .group         0x0000000000000000        0xc lib_build/system_XMC4500.o
 .group         0x0000000000000000        0xc lib_build/system_XMC4500.o
 .group         0x0000000000000000        0xc lib_build/system_XMC4500.o
 .group         0x0000000000000000        0xc lib_build/system_XMC4500.o
 .group         0x0000000000000000        0xc lib_build/system_XMC4500.o
 .group         0x0000000000000000        0xc lib_build/system_XMC4500.o
 .group         0x0000000000000000        0xc lib_build/system_XMC4500.o
 .group         0x0000000000000000        0xc lib_build/system_XMC4500.o
 .group         0x0000000000000000        0xc lib_build/system_XMC4500.o
 .group         0x0000000000000000        0xc lib_build/system_XMC4500.o
 .group         0x0000000000000000        0xc lib_build/system_XMC4500.o
 .group         0x0000000000000000        0xc lib_build/system_XMC4500.o
 .group         0x0000000000000000        0xc lib_build/system_XMC4500.o
 .group         0x0000000000000000        0xc lib_build/system_XMC4500.o
 .group         0x0000000000000000        0xc lib_build/system_XMC4500.o
 .group         0x0000000000000000        0xc lib_build/system_XMC4500.o
 .group         0x0000000000000000        0xc lib_build/system_XMC4500.o
 .group         0x0000000000000000        0xc lib_build/system_XMC4500.o
 .debug_macro   0x0000000000000000      0xa4e lib_build/system_XMC4500.o
 .debug_macro   0x0000000000000000       0x22 lib_build/system_XMC4500.o
 .debug_macro   0x0000000000000000       0x18 lib_build/system_XMC4500.o
 .debug_macro   0x0000000000000000       0x35 lib_build/system_XMC4500.o
 .debug_macro   0x0000000000000000       0x34 lib_build/system_XMC4500.o
 .debug_macro   0x0000000000000000      0x16d lib_build/system_XMC4500.o
 .debug_macro   0x0000000000000000       0x58 lib_build/system_XMC4500.o
 .debug_macro   0x0000000000000000       0x1f lib_build/system_XMC4500.o
 .debug_macro   0x0000000000000000       0x43 lib_build/system_XMC4500.o
 .debug_macro   0x0000000000000000       0x20 lib_build/system_XMC4500.o
 .debug_macro   0x0000000000000000      0x18e lib_build/system_XMC4500.o
 .debug_macro   0x0000000000000000      0x353 lib_build/system_XMC4500.o
 .debug_macro   0x0000000000000000       0x10 lib_build/system_XMC4500.o
 .debug_macro   0x0000000000000000       0x35 lib_build/system_XMC4500.o
 .debug_macro   0x0000000000000000       0x2d lib_build/system_XMC4500.o
 .debug_macro   0x0000000000000000       0xef lib_build/system_XMC4500.o
 .debug_macro   0x0000000000000000       0x6a lib_build/system_XMC4500.o
 .debug_macro   0x0000000000000000      0x1df lib_build/system_XMC4500.o
 .debug_macro   0x0000000000000000       0xaf lib_build/system_XMC4500.o
 .debug_macro   0x0000000000000000      0xfe7 lib_build/system_XMC4500.o
 .debug_macro   0x0000000000000000       0x16 lib_build/system_XMC4500.o
 .debug_macro   0x0000000000000000    0x1474b lib_build/system_XMC4500.o
 .comment       0x0000000000000000       0x80 lib_build/system_XMC4500.o
 .group         0x0000000000000000        0xc lib_build/syscalls.o
 .group         0x0000000000000000        0xc lib_build/syscalls.o
 .group         0x0000000000000000        0xc lib_build/syscalls.o
 .group         0x0000000000000000        0xc lib_build/syscalls.o
 .group         0x0000000000000000        0xc lib_build/syscalls.o
 .group         0x0000000000000000        0xc lib_build/syscalls.o
 .group         0x0000000000000000        0xc lib_build/syscalls.o
 .group         0x0000000000000000        0xc lib_build/syscalls.o
 .group         0x0000000000000000        0xc lib_build/syscalls.o
 .group         0x0000000000000000        0xc lib_build/syscalls.o
 .group         0x0000000000000000        0xc lib_build/syscalls.o
 .group         0x0000000000000000        0xc lib_build/syscalls.o
 .group         0x0000000000000000        0xc lib_build/syscalls.o
 .group         0x0000000000000000        0xc lib_build/syscalls.o
 .group         0x0000000000000000        0xc lib_build/syscalls.o
 .group         0x0000000000000000        0xc lib_build/syscalls.o
 .group         0x0000000000000000        0xc lib_build/syscalls.o
 .group         0x0000000000000000        0xc lib_build/syscalls.o
 .group         0x0000000000000000        0xc lib_build/syscalls.o
 .group         0x0000000000000000        0xc lib_build/syscalls.o
 .group         0x0000000000000000        0xc lib_build/syscalls.o
 .group         0x0000000000000000        0xc lib_build/syscalls.o
 .group         0x0000000000000000        0xc lib_build/syscalls.o
 .group         0x0000000000000000        0xc lib_build/syscalls.o
 .group         0x0000000000000000        0xc lib_build/syscalls.o
 .group         0x0000000000000000        0xc lib_build/syscalls.o
 .group         0x0000000000000000        0xc lib_build/syscalls.o
 .group         0x0000000000000000        0xc lib_build/syscalls.o
 .group         0x0000000000000000        0xc lib_build/syscalls.o
 .debug_macro   0x0000000000000000      0xa4e lib_build/syscalls.o
 .debug_macro   0x0000000000000000       0x22 lib_build/syscalls.o
 .debug_macro   0x0000000000000000       0x8e lib_build/syscalls.o
 .debug_macro   0x0000000000000000       0x51 lib_build/syscalls.o
 .debug_macro   0x0000000000000000       0xef lib_build/syscalls.o
 .debug_macro   0x0000000000000000       0x6a lib_build/syscalls.o
 .debug_macro   0x0000000000000000      0x1df lib_build/syscalls.o
 .debug_macro   0x0000000000000000       0x5e lib_build/syscalls.o
 .debug_macro   0x0000000000000000       0x18 lib_build/syscalls.o
 .debug_macro   0x0000000000000000       0x35 lib_build/syscalls.o
 .debug_macro   0x0000000000000000       0x34 lib_build/syscalls.o
 .debug_macro   0x0000000000000000      0x16d lib_build/syscalls.o
 .debug_macro   0x0000000000000000       0x58 lib_build/syscalls.o
 .debug_macro   0x0000000000000000       0x1f lib_build/syscalls.o
 .debug_macro   0x0000000000000000       0x43 lib_build/syscalls.o
 .debug_macro   0x0000000000000000       0x20 lib_build/syscalls.o
 .debug_macro   0x0000000000000000      0x18e lib_build/syscalls.o
 .debug_macro   0x0000000000000000      0x353 lib_build/syscalls.o
 .comment       0x0000000000000000       0x80 lib_build/syscalls.o

Memory Configuration

Name             Origin             Length             Attributes
FLASH_1_cached   0x0000000008000000 0x0000000000100000 xr
FLASH_1_uncached 0x000000000c000000 0x0000000000100000 xr
PSRAM_1          0x0000000010000000 0x0000000000010000 !xr
DSRAM_1_system   0x0000000020000000 0x0000000000010000 !xr
DSRAM_2_comm     0x0000000030000000 0x0000000000008000 !xr
*default*        0x0000000000000000 0xffffffffffffffff

Linker script and memory map

LOAD build/dimming.o
LOAD lib_build/xmc_common.o
LOAD lib_build/startup_XMC4500.o
LOAD lib_build/system_XMC4500.o
LOAD lib_build/syscalls.o
START GROUP
LOAD /usr/bin/../lib/gcc/arm-none-eabi/7.3.1/thumb/v7e-m/libgcc.a
LOAD /usr/bin/../lib/gcc/arm-none-eabi/7.3.1/../../../../arm-none-eabi/lib/thumb/v7e-m/libg.a
LOAD /usr/bin/../lib/gcc/arm-none-eabi/7.3.1/../../../../arm-none-eabi/lib/thumb/v7e-m/libc.a
END GROUP
START GROUP
LOAD /usr/bin/../lib/gcc/arm-none-eabi/7.3.1/thumb/v7e-m/libgcc.a
LOAD /usr/bin/../lib/gcc/arm-none-eabi/7.3.1/../../../../arm-none-eabi/lib/thumb/v7e-m/libc.a
LOAD /usr/bin/../lib/gcc/arm-none-eabi/7.3.1/../../../../arm-none-eabi/lib/thumb/v7e-m/libnosys.a
END GROUP
                0x0000000000000800                stack_size = DEFINED (stack_size)?stack_size:0x800
                0x0000000000000040                no_init_size = 0x40

.text           0x0000000008000000      0xb40 load address 0x000000000c000000
                0x0000000008000000                sText = .
 *(.reset)
 .reset         0x0000000008000000      0x2b2 lib_build/startup_XMC4500.o
                0x0000000008000000                __Vectors
                0x0000000008000200                Reset_Handler
                0x00000000080002b0                VADC0_C0_3_IRQHandler
                0x00000000080002b0                DSD0_7_IRQHandler
                0x00000000080002b0                DebugMon_Handler
                0x00000000080002b0                VADC0_C0_0_IRQHandler
                0x00000000080002b0                CAN0_4_IRQHandler
                0x00000000080002b0                VADC0_G2_0_IRQHandler
                0x00000000080002b0                USIC0_5_IRQHandler
                0x00000000080002b0                POSIF0_0_IRQHandler
                0x00000000080002b0                POSIF1_0_IRQHandler
                0x00000000080002b0                HardFault_Handler
                0x00000000080002b0                VADC0_G1_1_IRQHandler
                0x00000000080002b0                SysTick_Handler
                0x00000000080002b0                PendSV_Handler
                0x00000000080002b0                NMI_Handler
                0x00000000080002b0                USIC1_3_IRQHandler
                0x00000000080002b0                CCU40_2_IRQHandler
                0x00000000080002b0                SCU_0_IRQHandler
                0x00000000080002b0                ERU0_0_IRQHandler
                0x00000000080002b0                CCU41_0_IRQHandler
                0x00000000080002b0                USIC1_5_IRQHandler
                0x00000000080002b0                DSD0_4_IRQHandler
                0x00000000080002b0                CCU80_1_IRQHandler
                0x00000000080002b0                CCU81_0_IRQHandler
                0x00000000080002b0                UsageFault_Handler
                0x00000000080002b0                USIC0_0_IRQHandler
                0x00000000080002b0                POSIF1_1_IRQHandler
                0x00000000080002b0                ERU0_2_IRQHandler
                0x00000000080002b0                CCU81_1_IRQHandler
                0x00000000080002b0                ERU1_1_IRQHandler
                0x00000000080002b0                VADC0_G2_3_IRQHandler
                0x00000000080002b0                VADC0_G2_2_IRQHandler
                0x00000000080002b0                CCU42_3_IRQHandler
                0x00000000080002b0                ERU0_3_IRQHandler
                0x00000000080002b0                DSD0_5_IRQHandler
                0x00000000080002b0                CAN0_6_IRQHandler
                0x00000000080002b0                CCU43_0_IRQHandler
                0x00000000080002b0                VADC0_G0_1_IRQHandler
                0x00000000080002b0                CCU81_2_IRQHandler
                0x00000000080002b0                USIC2_4_IRQHandler
                0x00000000080002b0                CCU81_3_IRQHandler
                0x00000000080002b0                CCU42_1_IRQHandler
                0x00000000080002b0                USIC1_1_IRQHandler
                0x00000000080002b0                USIC2_5_IRQHandler
                0x00000000080002b0                CCU40_0_IRQHandler
                0x00000000080002b0                CAN0_0_IRQHandler
                0x00000000080002b0                ERU1_0_IRQHandler
                0x00000000080002b0                CCU42_2_IRQHandler
                0x00000000080002b0                Default_Handler
                0x00000000080002b0                USIC1_4_IRQHandler
                0x00000000080002b0                ERU1_3_IRQHandler
                0x00000000080002b0                USIC1_0_IRQHandler
                0x00000000080002b0                POSIF0_1_IRQHandler
                0x00000000080002b0                VADC0_G0_0_IRQHandler
                0x00000000080002b0                DSD0_2_IRQHandler
                0x00000000080002b0                CCU80_3_IRQHandler
                0x00000000080002b0                CCU41_3_IRQHandler
                0x00000000080002b0                CCU80_2_IRQHandler
                0x00000000080002b0                VADC0_G1_3_IRQHandler
                0x00000000080002b0                VADC0_G0_3_IRQHandler
                0x00000000080002b0                GPDMA0_0_IRQHandler
                0x00000000080002b0                PMU0_0_IRQHandler
                0x00000000080002b0                CAN0_7_IRQHandler
                0x00000000080002b0                DSD0_1_IRQHandler
                0x00000000080002b0                CCU41_2_IRQHandler
                0x00000000080002b0                VADC0_C0_1_IRQHandler
                0x00000000080002b0                CCU43_2_IRQHandler
                0x00000000080002b0                USIC2_2_IRQHandler
                0x00000000080002b0                MemManage_Handler
                0x00000000080002b0                VADC0_G3_1_IRQHandler
                0x00000000080002b0                DAC0_0_IRQHandler
                0x00000000080002b0                SVC_Handler
                0x00000000080002b0                VADC0_G3_3_IRQHandler
                0x00000000080002b0                ERU1_2_IRQHandler
                0x00000000080002b0                CCU41_1_IRQHandler
                0x00000000080002b0                DSD0_6_IRQHandler
                0x00000000080002b0                CCU43_1_IRQHandler
                0x00000000080002b0                VADC0_G1_2_IRQHandler
                0x00000000080002b0                USIC2_3_IRQHandler
                0x00000000080002b0                CAN0_2_IRQHandler
                0x00000000080002b0                USIC2_0_IRQHandler
                0x00000000080002b0                VADC0_G0_2_IRQHandler
                0x00000000080002b0                VADC0_G2_1_IRQHandler
                0x00000000080002b0                CAN0_3_IRQHandler
                0x00000000080002b0                ETH0_0_IRQHandler
                0x00000000080002b0                USIC0_3_IRQHandler
                0x00000000080002b0                DSD0_0_IRQHandler
                0x00000000080002b0                VADC0_C0_2_IRQHandler
                0x00000000080002b0                CCU42_0_IRQHandler
                0x00000000080002b0                FCE0_0_IRQHandler
                0x00000000080002b0                VADC0_G1_0_IRQHandler
                0x00000000080002b0                USB0_0_IRQHandler
                0x00000000080002b0                CAN0_5_IRQHandler
                0x00000000080002b0                CCU80_0_IRQHandler
                0x00000000080002b0                CCU40_1_IRQHandler
                0x00000000080002b0                USIC2_1_IRQHandler
                0x00000000080002b0                USIC0_1_IRQHandler
                0x00000000080002b0                VADC0_G3_2_IRQHandler
                0x00000000080002b0                CCU40_3_IRQHandler
                0x00000000080002b0                BusFault_Handler
                0x00000000080002b0                LEDTS0_0_IRQHandler
                0x00000000080002b0                USIC0_4_IRQHandler
                0x00000000080002b0                CCU43_3_IRQHandler
                0x00000000080002b0                ERU0_1_IRQHandler
                0x00000000080002b0                VADC0_G3_0_IRQHandler
                0x00000000080002b0                USIC1_2_IRQHandler
                0x00000000080002b0                DSD0_3_IRQHandler
                0x00000000080002b0                SDMMC0_0_IRQHandler
                0x00000000080002b0                CAN0_1_IRQHandler
                0x00000000080002b0                USIC0_2_IRQHandler
                0x00000000080002b0                DAC0_1_IRQHandler
                0x00000000080002b0                GPDMA1_0_IRQHandler
 *(.text .text.* .gnu.linkonce.t.*)
 .text          0x00000000080002b2        0x0 build/dimming.o
 .text.main     0x00000000080002b2        0xa build/dimming.o
                0x00000000080002b2                main
 .text.initCCU4
                0x00000000080002bc       0x54 build/dimming.o
                0x00000000080002bc                initCCU4
 .text.connectLED
                0x0000000008000310       0x2c build/dimming.o
                0x0000000008000310                connectLED
 .text          0x000000000800033c        0x0 lib_build/xmc_common.o
 .text.XMC_PRIOARRAY_GetHead
                0x000000000800033c       0x2a lib_build/xmc_common.o
 .text.XMC_PRIOARRAY_GetItemPriority
                0x0000000008000366       0x28 lib_build/xmc_common.o
 .text.XMC_PRIOARRAY_GetItemNext
                0x000000000800038e       0x28 lib_build/xmc_common.o
 .text.XMC_LIST_Init
                0x00000000080003b6       0x1a lib_build/xmc_common.o
                0x00000000080003b6                XMC_LIST_Init
 .text.XMC_LIST_GetHead
                0x00000000080003d0       0x18 lib_build/xmc_common.o
                0x00000000080003d0                XMC_LIST_GetHead
 .text.XMC_LIST_GetTail
                0x00000000080003e8       0x3a lib_build/xmc_common.o
                0x00000000080003e8                XMC_LIST_GetTail
 .text.XMC_LIST_Add
                0x0000000008000422       0x34 lib_build/xmc_common.o
                0x0000000008000422                XMC_LIST_Add
 .text.XMC_LIST_Remove
                0x0000000008000456       0x64 lib_build/xmc_common.o
                0x0000000008000456                XMC_LIST_Remove
 .text.XMC_LIST_Insert
                0x00000000080004ba       0x3c lib_build/xmc_common.o
                0x00000000080004ba                XMC_LIST_Insert
 .text.XMC_PRIOARRAY_Init
                0x00000000080004f6       0xb2 lib_build/xmc_common.o
                0x00000000080004f6                XMC_PRIOARRAY_Init
 .text.XMC_PRIOARRAY_Add
                0x00000000080005a8       0xb0 lib_build/xmc_common.o
                0x00000000080005a8                XMC_PRIOARRAY_Add
 .text.XMC_PRIOARRAY_Remove
                0x0000000008000658       0x66 lib_build/xmc_common.o
                0x0000000008000658                XMC_PRIOARRAY_Remove
 .text          0x00000000080006be        0x0 lib_build/startup_XMC4500.o
 .text          0x00000000080006be        0x0 lib_build/system_XMC4500.o
 .text.delay    0x00000000080006be       0x2a lib_build/system_XMC4500.o
 .text.SystemInit
                0x00000000080006e8       0x24 lib_build/system_XMC4500.o
                0x00000000080006e8                SystemInit
 .text.SystemCoreSetup
                0x000000000800070c       0x70 lib_build/system_XMC4500.o
                0x000000000800070c                SystemCoreSetup
 .text.SystemCoreClockSetup
                0x000000000800077c      0x208 lib_build/system_XMC4500.o
                0x000000000800077c                SystemCoreClockSetup
 .text.SystemCoreClockUpdate
                0x0000000008000984       0xd4 lib_build/system_XMC4500.o
                0x0000000008000984                SystemCoreClockUpdate
 .text.OSCHP_GetFrequency
                0x0000000008000a58       0x14 lib_build/system_XMC4500.o
                0x0000000008000a58                OSCHP_GetFrequency
 .text          0x0000000008000a6c        0x0 lib_build/syscalls.o
 .text._sbrk    0x0000000008000a6c       0x68 lib_build/syscalls.o
                0x0000000008000a6c                _sbrk
 .text._init    0x0000000008000ad4        0xe lib_build/syscalls.o
                0x0000000008000ad4                _init
 .text          0x0000000008000ae2        0x0 /usr/bin/../lib/gcc/arm-none-eabi/7.3.1/../../../../arm-none-eabi/lib/thumb/v7e-m/libg.a(lib_a-errno.o)
 *fill*         0x0000000008000ae2        0x2 
 .text.__errno  0x0000000008000ae4        0xc /usr/bin/../lib/gcc/arm-none-eabi/7.3.1/../../../../arm-none-eabi/lib/thumb/v7e-m/libg.a(lib_a-errno.o)
                0x0000000008000ae4                __errno
 .text          0x0000000008000af0        0x0 /usr/bin/../lib/gcc/arm-none-eabi/7.3.1/../../../../arm-none-eabi/lib/thumb/v7e-m/libg.a(lib_a-impure.o)
 .text          0x0000000008000af0        0x0 /usr/bin/../lib/gcc/arm-none-eabi/7.3.1/../../../../arm-none-eabi/lib/thumb/v7e-m/libg.a(lib_a-init.o)
 .text.__libc_init_array
                0x0000000008000af0       0x48 /usr/bin/../lib/gcc/arm-none-eabi/7.3.1/../../../../arm-none-eabi/lib/thumb/v7e-m/libg.a(lib_a-init.o)
                0x0000000008000af0                __libc_init_array
 *(.init)
 *(.fini)
 *crtbegin.o(.ctors)
 *crtbegin?.o(.ctors)
 *(EXCLUDE_FILE(*crtend.o *crtend?.o) .ctors)
 *(SORT_BY_NAME(.ctors.*))
 *(.ctors)
 *crtbegin.o(.dtors)
 *crtbegin?.o(.dtors)
 *(EXCLUDE_FILE(*crtend.o *crtend?.o) .dtors)
 *(SORT_BY_NAME(.dtors.*))
 *(.dtors)
 *(.rodata .rodata.*)
 .rodata        0x0000000008000b38        0x1 build/dimming.o
 *fill*         0x0000000008000b39        0x3 
 .rodata._global_impure_ptr
                0x0000000008000b3c        0x4 /usr/bin/../lib/gcc/arm-none-eabi/7.3.1/../../../../arm-none-eabi/lib/thumb/v7e-m/libg.a(lib_a-impure.o)
                0x0000000008000b3c                _global_impure_ptr
 *(.gnu.linkonce.r*)
 *(vtable)
                0x0000000008000b40                . = ALIGN (0x4)

.glue_7         0x0000000008000b40        0x0 load address 0x000000000c000b40
 .glue_7        0x0000000008000b40        0x0 linker stubs

.glue_7t        0x0000000008000b40        0x0 load address 0x000000000c000b40
 .glue_7t       0x0000000008000b40        0x0 linker stubs

.vfp11_veneer   0x0000000008000b40        0x0 load address 0x000000000c000b40
 .vfp11_veneer  0x0000000008000b40        0x0 linker stubs

.v4_bx          0x0000000008000b40        0x0 load address 0x000000000c000b40
 .v4_bx         0x0000000008000b40        0x0 linker stubs

.iplt           0x0000000008000b40        0x0 load address 0x000000000c000b40
 .iplt          0x0000000008000b40        0x0 build/dimming.o

.rel.dyn        0x0000000008000b40        0x0 load address 0x000000000c000b40
 .rel.iplt      0x0000000008000b40        0x0 build/dimming.o

.eh_frame_hdr
 *(.eh_frame_hdr)

.eh_frame
 *(.eh_frame)

.ARM.extab
 *(.ARM.extab* .gnu.linkonce.armextab.*)
                0x0000000008000b40                . = ALIGN (0x4)
                0x0000000008000b40                __exidx_start = .

.ARM.exidx
 *(.ARM.exidx* .gnu.linkonce.armexidx.*)
                0x0000000008000b40                __exidx_end = .
                0x0000000008000b40                . = ALIGN (0x4)

Stack           0x0000000010000000      0x800
                0x0000000010000000                __stack_start = .
                0x0000000010000800                . = (. + stack_size)
 *fill*         0x0000000010000000      0x800 
                0x0000000010000800                __stack_end = .
                0x0000000010000800                __initial_sp = .

.ram_code       0x0000000010000800        0x0 load address 0x000000000c000b40
                0x0000000010000800                . = ALIGN (0x4)
                0x0000000010000800                __ram_code_start = .
 *(.ram_code)
                0x0000000010000800                . = ALIGN (0x4)
                0x0000000010000800                __ram_code_end = .
                0x000000000c000b40                __ram_code_load = LOADADDR (.ram_code)
                0x0000000000000000                __ram_code_size = (__ram_code_end - __ram_code_start)

PSRAM_DATA      0x0000000010000800        0x0 load address 0x000000000c000b40
                0x0000000010000800                . = ALIGN (0x4)
                0x0000000010000800                __data3_start = .
 *(PSRAM_DATA)
                0x0000000010000800                . = ALIGN (0x4)
                0x0000000010000800                __data3_end = .
                0x000000000c000b40                __data3_load = LOADADDR (PSRAM_DATA)
                0x0000000000000000                __data3_size = (__data3_end - __data3_start)

PSRAM_BSS       0x0000000010000800        0x0 load address 0x000000000c000b40
                0x0000000010000800                . = ALIGN (0x4)
                0x0000000010000800                __bss3_start = .
 *(PSRAM_BSS)
                0x0000000010000800                . = ALIGN (0x4)
                0x0000000010000800                __bss3_end = .
                0x0000000010000800                . = ALIGN (0x8)
                0x0000000010000800                Heap_Bank3_Start = .
                0x0000000000000000                __bss3_size = (__bss3_end - __bss3_start)

.data           0x0000000020000000      0x430 load address 0x000000000c000b40
                0x0000000020000000                . = ALIGN (0x4)
                0x0000000020000000                __data_start = .
 *(.data)
 .data          0x0000000020000000        0x0 build/dimming.o
 .data          0x0000000020000000        0x0 lib_build/xmc_common.o
 .data          0x0000000020000000        0x0 lib_build/startup_XMC4500.o
 .data          0x0000000020000000        0x0 lib_build/system_XMC4500.o
 .data          0x0000000020000000        0x0 lib_build/syscalls.o
 .data          0x0000000020000000        0x0 /usr/bin/../lib/gcc/arm-none-eabi/7.3.1/../../../../arm-none-eabi/lib/thumb/v7e-m/libg.a(lib_a-errno.o)
 .data          0x0000000020000000        0x0 /usr/bin/../lib/gcc/arm-none-eabi/7.3.1/../../../../arm-none-eabi/lib/thumb/v7e-m/libg.a(lib_a-impure.o)
 .data          0x0000000020000000        0x0 /usr/bin/../lib/gcc/arm-none-eabi/7.3.1/../../../../arm-none-eabi/lib/thumb/v7e-m/libg.a(lib_a-init.o)
 *(.data*)
 .data._impure_ptr
                0x0000000020000000        0x4 /usr/bin/../lib/gcc/arm-none-eabi/7.3.1/../../../../arm-none-eabi/lib/thumb/v7e-m/libg.a(lib_a-impure.o)
                0x0000000020000000                _impure_ptr
 *fill*         0x0000000020000004        0x4 
 .data.impure_data
                0x0000000020000008      0x428 /usr/bin/../lib/gcc/arm-none-eabi/7.3.1/../../../../arm-none-eabi/lib/thumb/v7e-m/libg.a(lib_a-impure.o)
 *(*.data)
 *(.gnu.linkonce.d*)
                0x0000000020000430                . = ALIGN (0x4)
                0x0000000020000430                PROVIDE (__preinit_array_start = .)
 *(.preinit_array)
                0x0000000020000430                PROVIDE (__preinit_array_end = .)
                0x0000000020000430                . = ALIGN (0x4)
                0x0000000020000430                PROVIDE (__init_array_start = .)
 *(SORT_BY_NAME(.init_array.*))
 *(.init_array)
                0x0000000020000430                PROVIDE (__init_array_end = .)
                0x0000000020000430                . = ALIGN (0x4)
                [!provide]                        PROVIDE (__fini_array_start = .)
 *(SORT_BY_NAME(.fini_array.*))
 *(.fini_array)
                [!provide]                        PROVIDE (__fini_array_end = .)
                0x0000000020000430                . = ALIGN (0x4)
                0x0000000020000430                __data_end = .
                0x000000000c000b40                __data_load = LOADADDR (.data)
                0x0000000000000430                __data_size = (__data_end - __data_start)

.igot.plt       0x0000000020000430        0x0 load address 0x000000000c000f70
 .igot.plt      0x0000000020000430        0x0 build/dimming.o

.bss            0x0000000020000430        0x8 load address 0x000000000c000f70
                0x0000000020000430                . = ALIGN (0x4)
                0x0000000020000430                __bss_start = .
 *(.bss)
 .bss           0x0000000020000430        0x0 build/dimming.o
 .bss           0x0000000020000430        0x0 lib_build/xmc_common.o
 .bss           0x0000000020000430        0x0 lib_build/startup_XMC4500.o
 .bss           0x0000000020000430        0x0 lib_build/system_XMC4500.o
 .bss           0x0000000020000430        0x8 lib_build/syscalls.o
                0x0000000020000430                __dso_handle
 .bss           0x0000000020000438        0x0 /usr/bin/../lib/gcc/arm-none-eabi/7.3.1/../../../../arm-none-eabi/lib/thumb/v7e-m/libg.a(lib_a-errno.o)
 .bss           0x0000000020000438        0x0 /usr/bin/../lib/gcc/arm-none-eabi/7.3.1/../../../../arm-none-eabi/lib/thumb/v7e-m/libg.a(lib_a-impure.o)
 .bss           0x0000000020000438        0x0 /usr/bin/../lib/gcc/arm-none-eabi/7.3.1/../../../../arm-none-eabi/lib/thumb/v7e-m/libg.a(lib_a-init.o)
 *(.bss*)
 *(COMMON)
 *(.gnu.linkonce.b*)
                0x0000000020000438                . = ALIGN (0x4)
                0x0000000020000438                __bss_end = .
                0x0000000020000438                . = ALIGN (0x8)
                0x0000000020000438                Heap_Bank1_Start = .
                0x0000000000000008                __bss_size = (__bss_end - __bss_start)

.no_init        0x000000002000ffc0       0x14
                0x000000002000ffc0                Heap_Bank1_End = .
 *(.no_init)
 .no_init       0x000000002000ffc0       0x14 lib_build/system_XMC4500.o
                0x000000002000ffc0                SystemCoreClock
                0x000000002000ffc4                g_chipid

DSRAM2_DATA     0x0000000030000000        0x0 load address 0x000000000c000f70
                0x0000000030000000                . = ALIGN (0x4)
                0x0000000030000000                __data2_start = .
 *(DSRAM2_DATA)
                0x0000000030000000                . = ALIGN (0x4)
                0x0000000030000000                __data2_end = .
                0x000000000c000f70                __data2_load = LOADADDR (DSRAM2_DATA)
                0x0000000000000000                __data2_size = (__data2_end - __data2_start)
                0x0000000000000f70                __text_size = (((((__exidx_end - sText) + __data_size) + __ram_code_size) + __data2_size) + __data3_size)
                0x0000000008000f70                eText = (sText + __text_size)

DSRAM2_BSS      0x0000000030000000        0x0 load address 0x000000000c000f70
                0x0000000030000000                . = ALIGN (0x4)
                0x0000000030000000                __bss2_start = .
 *(ETH_RAM)
 *(USB_RAM)
 *(DSRAM2_BSS)
                0x0000000030000000                . = ALIGN (0x4)
                0x0000000030000000                __bss2_end = .
                0x0000000030000000                . = ALIGN (0x8)
                0x0000000030000000                Heap_Bank2_Start = .
                0x0000000000000000                __bss2_size = (__bss2_end - __bss2_start)
                0x000000000000fb88                Heap_Bank1_Size = (Heap_Bank1_End - Heap_Bank1_Start)
                0x0000000000008000                Heap_Bank2_Size = (LENGTH (DSRAM_2_comm) - (Heap_Bank2_Start - ORIGIN (DSRAM_2_comm)))
                0x000000000000f800                Heap_Bank3_Size = (LENGTH (PSRAM_1) - (Heap_Bank3_Start - ORIGIN (PSRAM_1)))
                0x0000000000000001                ASSERT ((Heap_Bank1_Start <= Heap_Bank1_End), region SRAM_combined overflowed no_init section)

/DISCARD/
 *(.comment)

.stab
 *(.stab)

.stabstr
 *(.stabstr)

.debug
 *(.debug)

.line
 *(.line)

.debug_srcinfo
 *(.debug_srcinfo)

.debug_sfnames
 *(.debug_sfnames)

.debug_aranges  0x0000000000000000      0x138
 *(.debug_aranges)
 .debug_aranges
                0x0000000000000000       0x30 build/dimming.o
 .debug_aranges
                0x0000000000000030       0x78 lib_build/xmc_common.o
 .debug_aranges
                0x00000000000000a8       0x20 lib_build/startup_XMC4500.o
 .debug_aranges
                0x00000000000000c8       0x48 lib_build/system_XMC4500.o
 .debug_aranges
                0x0000000000000110       0x28 lib_build/syscalls.o

.debug_pubnames
 *(.debug_pubnames)

.debug_pubtypes
 *(.debug_pubtypes)

.debug_info     0x0000000000000000     0x3a33
 *(.debug_info .gnu.linkonce.wi.*)
 .debug_info    0x0000000000000000     0x1073 build/dimming.o
 .debug_info    0x0000000000001073      0xd96 lib_build/xmc_common.o
 .debug_info    0x0000000000001e09       0x26 lib_build/startup_XMC4500.o
 .debug_info    0x0000000000001e2f     0x11ca lib_build/system_XMC4500.o
 .debug_info    0x0000000000002ff9      0xa3a lib_build/syscalls.o

.debug_abbrev   0x0000000000000000      0x88a
 *(.debug_abbrev)
 .debug_abbrev  0x0000000000000000      0x1e7 build/dimming.o
 .debug_abbrev  0x00000000000001e7      0x22c lib_build/xmc_common.o
 .debug_abbrev  0x0000000000000413       0x14 lib_build/startup_XMC4500.o
 .debug_abbrev  0x0000000000000427      0x287 lib_build/system_XMC4500.o
 .debug_abbrev  0x00000000000006ae      0x1dc lib_build/syscalls.o

.debug_line     0x0000000000000000      0xf1c
 *(.debug_line)
 .debug_line    0x0000000000000000      0x33a build/dimming.o
 .debug_line    0x000000000000033a      0x468 lib_build/xmc_common.o
 .debug_line    0x00000000000007a2       0xd1 lib_build/startup_XMC4500.o
 .debug_line    0x0000000000000873      0x404 lib_build/system_XMC4500.o
 .debug_line    0x0000000000000c77      0x2a5 lib_build/syscalls.o

.debug_frame    0x0000000000000000      0x3f0
 *(.debug_frame)
 .debug_frame   0x0000000000000000       0x6c build/dimming.o
 .debug_frame   0x000000000000006c      0x1f0 lib_build/xmc_common.o
 .debug_frame   0x000000000000025c       0xec lib_build/system_XMC4500.o
 .debug_frame   0x0000000000000348       0x5c lib_build/syscalls.o
 .debug_frame   0x00000000000003a4       0x20 /usr/bin/../lib/gcc/arm-none-eabi/7.3.1/../../../../arm-none-eabi/lib/thumb/v7e-m/libg.a(lib_a-errno.o)
 .debug_frame   0x00000000000003c4       0x2c /usr/bin/../lib/gcc/arm-none-eabi/7.3.1/../../../../arm-none-eabi/lib/thumb/v7e-m/libg.a(lib_a-init.o)

.debug_str      0x0000000000000000    0x718d7
 *(.debug_str)
 .debug_str     0x0000000000000000    0x6f879 build/dimming.o
                                      0x6fac1 (size before relaxing)
 .debug_str     0x000000000006f879      0x1be lib_build/xmc_common.o
                                      0x6fa7e (size before relaxing)
 .debug_str     0x000000000006fa37       0x74 lib_build/startup_XMC4500.o
                                         0x91 (size before relaxing)
 .debug_str     0x000000000006faab      0xd67 lib_build/system_XMC4500.o
                                      0x70184 (size before relaxing)
 .debug_str     0x0000000000070812     0x10c5 lib_build/syscalls.o
                                       0x7b5b (size before relaxing)

.debug_loc      0x0000000000000000      0x70c
 *(.debug_loc)
 .debug_loc     0x0000000000000000       0x9c build/dimming.o
 .debug_loc     0x000000000000009c      0x438 lib_build/xmc_common.o
 .debug_loc     0x00000000000004d4      0x1a4 lib_build/system_XMC4500.o
 .debug_loc     0x0000000000000678       0x94 lib_build/syscalls.o

.debug_macinfo
 *(.debug_macinfo)

.debug_ranges   0x0000000000000000       0xd8
 *(.debug_ranges)
 .debug_ranges  0x0000000000000000       0x20 build/dimming.o
 .debug_ranges  0x0000000000000020       0x68 lib_build/xmc_common.o
 .debug_ranges  0x0000000000000088       0x38 lib_build/system_XMC4500.o
 .debug_ranges  0x00000000000000c0       0x18 lib_build/syscalls.o

.debug_weaknames
 *(.debug_weaknames)

.debug_funcnames
 *(.debug_funcnames)

.debug_typenames
 *(.debug_typenames)

.debug_varnames
 *(.debug_varnames)

.build_attributes
                0x0000000000000000      0x18b
 *(.ARM.attributes)
 .ARM.attributes
                0x0000000000000000       0x37 build/dimming.o
 .ARM.attributes
                0x0000000000000037       0x37 lib_build/xmc_common.o
 .ARM.attributes
                0x000000000000006e       0x25 lib_build/startup_XMC4500.o
 .ARM.attributes
                0x0000000000000093       0x37 lib_build/system_XMC4500.o
 .ARM.attributes
                0x00000000000000ca       0x37 lib_build/syscalls.o
 .ARM.attributes
                0x0000000000000101       0x2e /usr/bin/../lib/gcc/arm-none-eabi/7.3.1/../../../../arm-none-eabi/lib/thumb/v7e-m/libg.a(lib_a-errno.o)
 .ARM.attributes
                0x000000000000012f       0x2e /usr/bin/../lib/gcc/arm-none-eabi/7.3.1/../../../../arm-none-eabi/lib/thumb/v7e-m/libg.a(lib_a-impure.o)
 .ARM.attributes
                0x000000000000015d       0x2e /usr/bin/../lib/gcc/arm-none-eabi/7.3.1/../../../../arm-none-eabi/lib/thumb/v7e-m/libg.a(lib_a-init.o)
OUTPUT(build/main.elf elf32-littlearm)

.debug_macro    0x0000000000000000    0x17e9c
 .debug_macro   0x0000000000000000      0x18a build/dimming.o
 .debug_macro   0x000000000000018a      0xa4e build/dimming.o
 .debug_macro   0x0000000000000bd8      0x16d build/dimming.o
 .debug_macro   0x0000000000000d45       0x22 build/dimming.o
 .debug_macro   0x0000000000000d67       0x8e build/dimming.o
 .debug_macro   0x0000000000000df5       0x51 build/dimming.o
 .debug_macro   0x0000000000000e46       0xef build/dimming.o
 .debug_macro   0x0000000000000f35       0x6a build/dimming.o
 .debug_macro   0x0000000000000f9f      0x1df build/dimming.o
 .debug_macro   0x000000000000117e       0x22 build/dimming.o
 .debug_macro   0x00000000000011a0       0x5e build/dimming.o
 .debug_macro   0x00000000000011fe       0x18 build/dimming.o
 .debug_macro   0x0000000000001216       0x35 build/dimming.o
 .debug_macro   0x000000000000124b       0x34 build/dimming.o
 .debug_macro   0x000000000000127f       0x58 build/dimming.o
 .debug_macro   0x00000000000012d7       0x1f build/dimming.o
 .debug_macro   0x00000000000012f6       0x43 build/dimming.o
 .debug_macro   0x0000000000001339       0x20 build/dimming.o
 .debug_macro   0x0000000000001359      0x18e build/dimming.o
 .debug_macro   0x00000000000014e7      0x353 build/dimming.o
 .debug_macro   0x000000000000183a       0x10 build/dimming.o
 .debug_macro   0x000000000000184a       0x35 build/dimming.o
 .debug_macro   0x000000000000187f      0x167 build/dimming.o
 .debug_macro   0x00000000000019e6       0x2d build/dimming.o
 .debug_macro   0x0000000000001a13       0x28 build/dimming.o
 .debug_macro   0x0000000000001a3b       0xaf build/dimming.o
 .debug_macro   0x0000000000001aea      0xfe7 build/dimming.o
 .debug_macro   0x0000000000002ad1       0x16 build/dimming.o
 .debug_macro   0x0000000000002ae7    0x1474b build/dimming.o
 .debug_macro   0x0000000000017232       0x12 build/dimming.o
 .debug_macro   0x0000000000017244       0x4c build/dimming.o
 .debug_macro   0x0000000000017290      0x18a lib_build/xmc_common.o
 .debug_macro   0x000000000001741a      0x303 lib_build/system_XMC4500.o
 .debug_macro   0x000000000001771d       0x58 lib_build/system_XMC4500.o
 .debug_macro   0x0000000000017775       0x94 lib_build/system_XMC4500.o
 .debug_macro   0x0000000000017809       0x57 lib_build/system_XMC4500.o
 .debug_macro   0x0000000000017860       0x22 lib_build/system_XMC4500.o
 .debug_macro   0x0000000000017882      0x191 lib_build/syscalls.o
 .debug_macro   0x0000000000017a13       0x10 lib_build/syscalls.o
 .debug_macro   0x0000000000017a23      0x23b lib_build/syscalls.o
 .debug_macro   0x0000000000017c5e       0x10 lib_build/syscalls.o
 .debug_macro   0x0000000000017c6e       0x1c lib_build/syscalls.o
 .debug_macro   0x0000000000017c8a       0x52 lib_build/syscalls.o
 .debug_macro   0x0000000000017cdc       0x40 lib_build/syscalls.o
 .debug_macro   0x0000000000017d1c       0x10 lib_build/syscalls.o
 .debug_macro   0x0000000000017d2c       0x40 lib_build/syscalls.o
 .debug_macro   0x0000000000017d6c       0xd7 lib_build/syscalls.o
 .debug_macro   0x0000000000017e43       0x1c lib_build/syscalls.o
 .debug_macro   0x0000000000017e5f       0x3d lib_build/syscalls.o
