Archive member included to satisfy reference by file (symbol)

/usr/bin/../lib/gcc/arm-none-eabi/7.3.1/../../../../arm-none-eabi/lib/thumb/v7e-m/libg.a(lib_a-errno.o)
                              lib_build/syscalls.o (__errno)
/usr/bin/../lib/gcc/arm-none-eabi/7.3.1/../../../../arm-none-eabi/lib/thumb/v7e-m/libg.a(lib_a-impure.o)
                              /usr/bin/../lib/gcc/arm-none-eabi/7.3.1/../../../../arm-none-eabi/lib/thumb/v7e-m/libg.a(lib_a-errno.o) (_impure_ptr)
/usr/bin/../lib/gcc/arm-none-eabi/7.3.1/../../../../arm-none-eabi/lib/thumb/v7e-m/libg.a(lib_a-init.o)
                              lib_build/startup_XMC4500.o (__libc_init_array)
/usr/bin/../lib/gcc/arm-none-eabi/7.3.1/../../../../arm-none-eabi/lib/thumb/v7e-m/libg.a(lib_a-memset.o)
                              build/PartB.o (memset)

Discarded input sections

 .group         0x0000000000000000        0xc build/PartB.o
 .group         0x0000000000000000        0xc build/PartB.o
 .group         0x0000000000000000        0xc build/PartB.o
 .group         0x0000000000000000        0xc build/PartB.o
 .group         0x0000000000000000        0xc build/PartB.o
 .group         0x0000000000000000        0xc build/PartB.o
 .group         0x0000000000000000        0xc build/PartB.o
 .group         0x0000000000000000        0xc build/PartB.o
 .group         0x0000000000000000        0xc build/PartB.o
 .group         0x0000000000000000        0xc build/PartB.o
 .group         0x0000000000000000        0xc build/PartB.o
 .group         0x0000000000000000        0xc build/PartB.o
 .group         0x0000000000000000        0xc build/PartB.o
 .group         0x0000000000000000        0xc build/PartB.o
 .group         0x0000000000000000        0xc build/PartB.o
 .group         0x0000000000000000        0xc build/PartB.o
 .group         0x0000000000000000        0xc build/PartB.o
 .group         0x0000000000000000        0xc build/PartB.o
 .group         0x0000000000000000        0xc build/PartB.o
 .group         0x0000000000000000        0xc build/PartB.o
 .group         0x0000000000000000        0xc build/PartB.o
 .group         0x0000000000000000        0xc build/PartB.o
 .group         0x0000000000000000        0xc build/PartB.o
 .group         0x0000000000000000        0xc build/PartB.o
 .group         0x0000000000000000        0xc build/PartB.o
 .group         0x0000000000000000        0xc build/PartB.o
 .group         0x0000000000000000        0xc build/PartB.o
 .group         0x0000000000000000        0xc build/PartB.o
 .group         0x0000000000000000        0xc build/PartB.o
 .group         0x0000000000000000        0xc build/PartB.o
 .group         0x0000000000000000        0xc build/PartB.o
 .group         0x0000000000000000        0xc build/PartB.o
 .group         0x0000000000000000        0xc build/PartB.o
 .comment       0x0000000000000000       0x80 build/PartB.o
 .group         0x0000000000000000        0xc lib_build/xmc_common.o
 .group         0x0000000000000000        0xc lib_build/xmc_common.o
 .group         0x0000000000000000        0xc lib_build/xmc_common.o
 .group         0x0000000000000000        0xc lib_build/xmc_common.o
 .group         0x0000000000000000        0xc lib_build/xmc_common.o
 .group         0x0000000000000000        0xc lib_build/xmc_common.o
 .group         0x0000000000000000        0xc lib_build/xmc_common.o
 .group         0x0000000000000000        0xc lib_build/xmc_common.o
 .group         0x0000000000000000        0xc lib_build/xmc_common.o
 .group         0x0000000000000000        0xc lib_build/xmc_common.o
 .group         0x0000000000000000        0xc lib_build/xmc_common.o
 .group         0x0000000000000000        0xc lib_build/xmc_common.o
 .group         0x0000000000000000        0xc lib_build/xmc_common.o
 .group         0x0000000000000000        0xc lib_build/xmc_common.o
 .group         0x0000000000000000        0xc lib_build/xmc_common.o
 .group         0x0000000000000000        0xc lib_build/xmc_common.o
 .group         0x0000000000000000        0xc lib_build/xmc_common.o
 .group         0x0000000000000000        0xc lib_build/xmc_common.o
 .group         0x0000000000000000        0xc lib_build/xmc_common.o
 .group         0x0000000000000000        0xc lib_build/xmc_common.o
 .group         0x0000000000000000        0xc lib_build/xmc_common.o
 .group         0x0000000000000000        0xc lib_build/xmc_common.o
 .group         0x0000000000000000        0xc lib_build/xmc_common.o
 .group         0x0000000000000000        0xc lib_build/xmc_common.o
 .group         0x0000000000000000        0xc lib_build/xmc_common.o
 .group         0x0000000000000000        0xc lib_build/xmc_common.o
 .group         0x0000000000000000        0xc lib_build/xmc_common.o
 .group         0x0000000000000000        0xc lib_build/xmc_common.o
 .group         0x0000000000000000        0xc lib_build/xmc_common.o
 .group         0x0000000000000000        0xc lib_build/xmc_common.o
 .debug_macro   0x0000000000000000      0xa4e lib_build/xmc_common.o
 .debug_macro   0x0000000000000000      0x16d lib_build/xmc_common.o
 .debug_macro   0x0000000000000000       0x22 lib_build/xmc_common.o
 .debug_macro   0x0000000000000000       0x8e lib_build/xmc_common.o
 .debug_macro   0x0000000000000000       0x51 lib_build/xmc_common.o
 .debug_macro   0x0000000000000000       0xef lib_build/xmc_common.o
 .debug_macro   0x0000000000000000       0x6a lib_build/xmc_common.o
 .debug_macro   0x0000000000000000      0x1df lib_build/xmc_common.o
 .debug_macro   0x0000000000000000       0x22 lib_build/xmc_common.o
 .debug_macro   0x0000000000000000       0x5e lib_build/xmc_common.o
 .debug_macro   0x0000000000000000       0x18 lib_build/xmc_common.o
 .debug_macro   0x0000000000000000       0x35 lib_build/xmc_common.o
 .debug_macro   0x0000000000000000       0x34 lib_build/xmc_common.o
 .debug_macro   0x0000000000000000       0x58 lib_build/xmc_common.o
 .debug_macro   0x0000000000000000       0x1f lib_build/xmc_common.o
 .debug_macro   0x0000000000000000       0x43 lib_build/xmc_common.o
 .debug_macro   0x0000000000000000       0x20 lib_build/xmc_common.o
 .debug_macro   0x0000000000000000      0x18e lib_build/xmc_common.o
 .debug_macro   0x0000000000000000      0x353 lib_build/xmc_common.o
 .debug_macro   0x0000000000000000       0x10 lib_build/xmc_common.o
 .debug_macro   0x0000000000000000       0x35 lib_build/xmc_common.o
 .debug_macro   0x0000000000000000      0x167 lib_build/xmc_common.o
 .debug_macro   0x0000000000000000       0x2d lib_build/xmc_common.o
 .debug_macro   0x0000000000000000       0x28 lib_build/xmc_common.o
 .debug_macro   0x0000000000000000       0xaf lib_build/xmc_common.o
 .debug_macro   0x0000000000000000      0xfe7 lib_build/xmc_common.o
 .debug_macro   0x0000000000000000       0x16 lib_build/xmc_common.o
 .debug_macro   0x0000000000000000    0x1474b lib_build/xmc_common.o
 .debug_macro   0x0000000000000000       0x12 lib_build/xmc_common.o
 .debug_macro   0x0000000000000000       0x4c lib_build/xmc_common.o
 .comment       0x0000000000000000       0x80 lib_build/xmc_common.o
 .group         0x0000000000000000        0xc lib_build/system_XMC4500.o
 .group         0x0000000000000000        0xc lib_build/system_XMC4500.o
 .group         0x0000000000000000        0xc lib_build/system_XMC4500.o
 .group         0x0000000000000000        0xc lib_build/system_XMC4500.o
 .group         0x0000000000000000        0xc lib_build/system_XMC4500.o
 .group         0x0000000000000000        0xc lib_build/system_XMC4500.o
 .group         0x0000000000000000        0xc lib_build/system_XMC4500.o
 .group         0x0000000000000000        0xc lib_build/system_XMC4500.o
 .group         0x0000000000000000        0xc lib_build/system_XMC4500.o
 .group         0x0000000000000000        0xc lib_build/system_XMC4500.o
 .group         0x0000000000000000        0xc lib_build/system_XMC4500.o
 .group         0x0000000000000000        0xc lib_build/system_XMC4500.o
 .group         0x0000000000000000        0xc lib_build/system_XMC4500.o
 .group         0x0000000000000000        0xc lib_build/system_XMC4500.o
 .group         0x0000000000000000        0xc lib_build/system_XMC4500.o
 .group         0x0000000000000000        0xc lib_build/system_XMC4500.o
 .group         0x0000000000000000        0xc lib_build/system_XMC4500.o
 .group         0x0000000000000000        0xc lib_build/system_XMC4500.o
 .group         0x0000000000000000        0xc lib_build/system_XMC4500.o
 .group         0x0000000000000000        0xc lib_build/system_XMC4500.o
 .group         0x0000000000000000        0xc lib_build/system_XMC4500.o
 .group         0x0000000000000000        0xc lib_build/system_XMC4500.o
 .group         0x0000000000000000        0xc lib_build/system_XMC4500.o
 .group         0x0000000000000000        0xc lib_build/system_XMC4500.o
 .group         0x0000000000000000        0xc lib_build/system_XMC4500.o
 .group         0x0000000000000000        0xc lib_build/system_XMC4500.o
 .debug_macro   0x0000000000000000      0xa4e lib_build/system_XMC4500.o
 .debug_macro   0x0000000000000000       0x22 lib_build/system_XMC4500.o
 .debug_macro   0x0000000000000000       0x18 lib_build/system_XMC4500.o
 .debug_macro   0x0000000000000000       0x35 lib_build/system_XMC4500.o
 .debug_macro   0x0000000000000000       0x34 lib_build/system_XMC4500.o
 .debug_macro   0x0000000000000000      0x16d lib_build/system_XMC4500.o
 .debug_macro   0x0000000000000000       0x58 lib_build/system_XMC4500.o
 .debug_macro   0x0000000000000000       0x1f lib_build/system_XMC4500.o
 .debug_macro   0x0000000000000000       0x43 lib_build/system_XMC4500.o
 .debug_macro   0x0000000000000000       0x20 lib_build/system_XMC4500.o
 .debug_macro   0x0000000000000000      0x18e lib_build/system_XMC4500.o
 .debug_macro   0x0000000000000000      0x353 lib_build/system_XMC4500.o
 .debug_macro   0x0000000000000000       0x10 lib_build/system_XMC4500.o
 .debug_macro   0x0000000000000000       0x35 lib_build/system_XMC4500.o
 .debug_macro   0x0000000000000000       0x2d lib_build/system_XMC4500.o
 .debug_macro   0x0000000000000000       0xef lib_build/system_XMC4500.o
 .debug_macro   0x0000000000000000       0x6a lib_build/system_XMC4500.o
 .debug_macro   0x0000000000000000      0x1df lib_build/system_XMC4500.o
 .debug_macro   0x0000000000000000       0xaf lib_build/system_XMC4500.o
 .debug_macro   0x0000000000000000      0xfe7 lib_build/system_XMC4500.o
 .debug_macro   0x0000000000000000       0x16 lib_build/system_XMC4500.o
 .debug_macro   0x0000000000000000    0x1474b lib_build/system_XMC4500.o
 .comment       0x0000000000000000       0x80 lib_build/system_XMC4500.o
 .group         0x0000000000000000        0xc lib_build/syscalls.o
 .group         0x0000000000000000        0xc lib_build/syscalls.o
 .group         0x0000000000000000        0xc lib_build/syscalls.o
 .group         0x0000000000000000        0xc lib_build/syscalls.o
 .group         0x0000000000000000        0xc lib_build/syscalls.o
 .group         0x0000000000000000        0xc lib_build/syscalls.o
 .group         0x0000000000000000        0xc lib_build/syscalls.o
 .group         0x0000000000000000        0xc lib_build/syscalls.o
 .group         0x0000000000000000        0xc lib_build/syscalls.o
 .group         0x0000000000000000        0xc lib_build/syscalls.o
 .group         0x0000000000000000        0xc lib_build/syscalls.o
 .group         0x0000000000000000        0xc lib_build/syscalls.o
 .group         0x0000000000000000        0xc lib_build/syscalls.o
 .group         0x0000000000000000        0xc lib_build/syscalls.o
 .group         0x0000000000000000        0xc lib_build/syscalls.o
 .group         0x0000000000000000        0xc lib_build/syscalls.o
 .group         0x0000000000000000        0xc lib_build/syscalls.o
 .group         0x0000000000000000        0xc lib_build/syscalls.o
 .group         0x0000000000000000        0xc lib_build/syscalls.o
 .group         0x0000000000000000        0xc lib_build/syscalls.o
 .group         0x0000000000000000        0xc lib_build/syscalls.o
 .group         0x0000000000000000        0xc lib_build/syscalls.o
 .group         0x0000000000000000        0xc lib_build/syscalls.o
 .group         0x0000000000000000        0xc lib_build/syscalls.o
 .group         0x0000000000000000        0xc lib_build/syscalls.o
 .group         0x0000000000000000        0xc lib_build/syscalls.o
 .group         0x0000000000000000        0xc lib_build/syscalls.o
 .group         0x0000000000000000        0xc lib_build/syscalls.o
 .group         0x0000000000000000        0xc lib_build/syscalls.o
 .debug_macro   0x0000000000000000      0xa4e lib_build/syscalls.o
 .debug_macro   0x0000000000000000       0x22 lib_build/syscalls.o
 .debug_macro   0x0000000000000000       0x8e lib_build/syscalls.o
 .debug_macro   0x0000000000000000       0x51 lib_build/syscalls.o
 .debug_macro   0x0000000000000000       0xef lib_build/syscalls.o
 .debug_macro   0x0000000000000000       0x6a lib_build/syscalls.o
 .debug_macro   0x0000000000000000      0x1df lib_build/syscalls.o
 .debug_macro   0x0000000000000000       0x5e lib_build/syscalls.o
 .debug_macro   0x0000000000000000       0x18 lib_build/syscalls.o
 .debug_macro   0x0000000000000000       0x35 lib_build/syscalls.o
 .debug_macro   0x0000000000000000       0x34 lib_build/syscalls.o
 .debug_macro   0x0000000000000000      0x16d lib_build/syscalls.o
 .debug_macro   0x0000000000000000       0x58 lib_build/syscalls.o
 .debug_macro   0x0000000000000000       0x1f lib_build/syscalls.o
 .debug_macro   0x0000000000000000       0x43 lib_build/syscalls.o
 .debug_macro   0x0000000000000000       0x20 lib_build/syscalls.o
 .debug_macro   0x0000000000000000      0x18e lib_build/syscalls.o
 .debug_macro   0x0000000000000000      0x353 lib_build/syscalls.o
 .comment       0x0000000000000000       0x80 lib_build/syscalls.o

Memory Configuration

Name             Origin             Length             Attributes
FLASH_1_cached   0x0000000008000000 0x0000000000100000 xr
FLASH_1_uncached 0x000000000c000000 0x0000000000100000 xr
PSRAM_1          0x0000000010000000 0x0000000000010000 !xr
DSRAM_1_system   0x0000000020000000 0x0000000000010000 !xr
DSRAM_2_comm     0x0000000030000000 0x0000000000008000 !xr
*default*        0x0000000000000000 0xffffffffffffffff

Linker script and memory map

LOAD build/PartB.o
LOAD lib_build/xmc_common.o
LOAD lib_build/startup_XMC4500.o
LOAD lib_build/system_XMC4500.o
LOAD lib_build/syscalls.o
START GROUP
LOAD /usr/bin/../lib/gcc/arm-none-eabi/7.3.1/thumb/v7e-m/libgcc.a
LOAD /usr/bin/../lib/gcc/arm-none-eabi/7.3.1/../../../../arm-none-eabi/lib/thumb/v7e-m/libg.a
LOAD /usr/bin/../lib/gcc/arm-none-eabi/7.3.1/../../../../arm-none-eabi/lib/thumb/v7e-m/libc.a
END GROUP
START GROUP
LOAD /usr/bin/../lib/gcc/arm-none-eabi/7.3.1/thumb/v7e-m/libgcc.a
LOAD /usr/bin/../lib/gcc/arm-none-eabi/7.3.1/../../../../arm-none-eabi/lib/thumb/v7e-m/libc.a
LOAD /usr/bin/../lib/gcc/arm-none-eabi/7.3.1/../../../../arm-none-eabi/lib/thumb/v7e-m/libnosys.a
END GROUP
                0x0000000000000800                stack_size = DEFINED (stack_size)?stack_size:0x800
                0x0000000000000040                no_init_size = 0x40

.text           0x0000000008000000     0x15e0 load address 0x000000000c000000
                0x0000000008000000                sText = .
 *(.reset)
 .reset         0x0000000008000000      0x2b2 lib_build/startup_XMC4500.o
                0x0000000008000000                __Vectors
                0x0000000008000200                Reset_Handler
                0x00000000080002b0                VADC0_C0_3_IRQHandler
                0x00000000080002b0                DSD0_7_IRQHandler
                0x00000000080002b0                DebugMon_Handler
                0x00000000080002b0                VADC0_C0_0_IRQHandler
                0x00000000080002b0                CAN0_4_IRQHandler
                0x00000000080002b0                VADC0_G2_0_IRQHandler
                0x00000000080002b0                USIC0_5_IRQHandler
                0x00000000080002b0                POSIF0_0_IRQHandler
                0x00000000080002b0                POSIF1_0_IRQHandler
                0x00000000080002b0                HardFault_Handler
                0x00000000080002b0                VADC0_G1_1_IRQHandler
                0x00000000080002b0                PendSV_Handler
                0x00000000080002b0                NMI_Handler
                0x00000000080002b0                USIC1_3_IRQHandler
                0x00000000080002b0                CCU40_2_IRQHandler
                0x00000000080002b0                SCU_0_IRQHandler
                0x00000000080002b0                ERU0_0_IRQHandler
                0x00000000080002b0                CCU41_0_IRQHandler
                0x00000000080002b0                USIC1_5_IRQHandler
                0x00000000080002b0                DSD0_4_IRQHandler
                0x00000000080002b0                CCU80_1_IRQHandler
                0x00000000080002b0                CCU81_0_IRQHandler
                0x00000000080002b0                UsageFault_Handler
                0x00000000080002b0                USIC0_0_IRQHandler
                0x00000000080002b0                POSIF1_1_IRQHandler
                0x00000000080002b0                ERU0_2_IRQHandler
                0x00000000080002b0                CCU81_1_IRQHandler
                0x00000000080002b0                ERU1_1_IRQHandler
                0x00000000080002b0                VADC0_G2_3_IRQHandler
                0x00000000080002b0                VADC0_G2_2_IRQHandler
                0x00000000080002b0                CCU42_3_IRQHandler
                0x00000000080002b0                ERU0_3_IRQHandler
                0x00000000080002b0                DSD0_5_IRQHandler
                0x00000000080002b0                CAN0_6_IRQHandler
                0x00000000080002b0                CCU43_0_IRQHandler
                0x00000000080002b0                VADC0_G0_1_IRQHandler
                0x00000000080002b0                CCU81_2_IRQHandler
                0x00000000080002b0                USIC2_4_IRQHandler
                0x00000000080002b0                CCU81_3_IRQHandler
                0x00000000080002b0                CCU42_1_IRQHandler
                0x00000000080002b0                USIC1_1_IRQHandler
                0x00000000080002b0                USIC2_5_IRQHandler
                0x00000000080002b0                CCU40_0_IRQHandler
                0x00000000080002b0                CAN0_0_IRQHandler
                0x00000000080002b0                ERU1_0_IRQHandler
                0x00000000080002b0                CCU42_2_IRQHandler
                0x00000000080002b0                Default_Handler
                0x00000000080002b0                USIC1_4_IRQHandler
                0x00000000080002b0                ERU1_3_IRQHandler
                0x00000000080002b0                USIC1_0_IRQHandler
                0x00000000080002b0                POSIF0_1_IRQHandler
                0x00000000080002b0                VADC0_G0_0_IRQHandler
                0x00000000080002b0                DSD0_2_IRQHandler
                0x00000000080002b0                CCU80_3_IRQHandler
                0x00000000080002b0                CCU41_3_IRQHandler
                0x00000000080002b0                CCU80_2_IRQHandler
                0x00000000080002b0                VADC0_G1_3_IRQHandler
                0x00000000080002b0                VADC0_G0_3_IRQHandler
                0x00000000080002b0                GPDMA0_0_IRQHandler
                0x00000000080002b0                PMU0_0_IRQHandler
                0x00000000080002b0                CAN0_7_IRQHandler
                0x00000000080002b0                DSD0_1_IRQHandler
                0x00000000080002b0                CCU41_2_IRQHandler
                0x00000000080002b0                VADC0_C0_1_IRQHandler
                0x00000000080002b0                CCU43_2_IRQHandler
                0x00000000080002b0                USIC2_2_IRQHandler
                0x00000000080002b0                MemManage_Handler
                0x00000000080002b0                VADC0_G3_1_IRQHandler
                0x00000000080002b0                DAC0_0_IRQHandler
                0x00000000080002b0                SVC_Handler
                0x00000000080002b0                VADC0_G3_3_IRQHandler
                0x00000000080002b0                ERU1_2_IRQHandler
                0x00000000080002b0                CCU41_1_IRQHandler
                0x00000000080002b0                DSD0_6_IRQHandler
                0x00000000080002b0                CCU43_1_IRQHandler
                0x00000000080002b0                VADC0_G1_2_IRQHandler
                0x00000000080002b0                USIC2_3_IRQHandler
                0x00000000080002b0                CAN0_2_IRQHandler
                0x00000000080002b0                USIC2_0_IRQHandler
                0x00000000080002b0                VADC0_G0_2_IRQHandler
                0x00000000080002b0                VADC0_G2_1_IRQHandler
                0x00000000080002b0                CAN0_3_IRQHandler
                0x00000000080002b0                ETH0_0_IRQHandler
                0x00000000080002b0                USIC0_3_IRQHandler
                0x00000000080002b0                DSD0_0_IRQHandler
                0x00000000080002b0                VADC0_C0_2_IRQHandler
                0x00000000080002b0                CCU42_0_IRQHandler
                0x00000000080002b0                FCE0_0_IRQHandler
                0x00000000080002b0                VADC0_G1_0_IRQHandler
                0x00000000080002b0                USB0_0_IRQHandler
                0x00000000080002b0                CAN0_5_IRQHandler
                0x00000000080002b0                CCU80_0_IRQHandler
                0x00000000080002b0                CCU40_1_IRQHandler
                0x00000000080002b0                USIC2_1_IRQHandler
                0x00000000080002b0                USIC0_1_IRQHandler
                0x00000000080002b0                VADC0_G3_2_IRQHandler
                0x00000000080002b0                CCU40_3_IRQHandler
                0x00000000080002b0                BusFault_Handler
                0x00000000080002b0                LEDTS0_0_IRQHandler
                0x00000000080002b0                USIC0_4_IRQHandler
                0x00000000080002b0                CCU43_3_IRQHandler
                0x00000000080002b0                ERU0_1_IRQHandler
                0x00000000080002b0                VADC0_G3_0_IRQHandler
                0x00000000080002b0                USIC1_2_IRQHandler
                0x00000000080002b0                DSD0_3_IRQHandler
                0x00000000080002b0                SDMMC0_0_IRQHandler
                0x00000000080002b0                CAN0_1_IRQHandler
                0x00000000080002b0                USIC0_2_IRQHandler
                0x00000000080002b0                DAC0_1_IRQHandler
                0x00000000080002b0                GPDMA1_0_IRQHandler
 *(.text .text.* .gnu.linkonce.t.*)
 .text          0x00000000080002b2        0x0 build/PartB.o
 *fill*         0x00000000080002b2        0x2 
 .text.__NVIC_SetPriority
                0x00000000080002b4       0x54 build/PartB.o
 .text.SysTick_Config
                0x0000000008000308       0x44 build/PartB.o
 .text.SysTick_Handler
                0x000000000800034c       0x1c build/PartB.o
                0x000000000800034c                SysTick_Handler
 .text.On       0x0000000008000368       0x40 build/PartB.o
                0x0000000008000368                On
 .text.Off      0x00000000080003a8       0x40 build/PartB.o
                0x00000000080003a8                Off
 .text.AMorse   0x00000000080003e8      0x168 build/PartB.o
                0x00000000080003e8                AMorse
 .text.DMorse   0x0000000008000550      0x2ac build/PartB.o
                0x0000000008000550                DMorse
 .text.PressDownTimer
                0x00000000080007fc       0x4c build/PartB.o
                0x00000000080007fc                PressDownTimer
 .text.DCMorse  0x0000000008000848      0x390 build/PartB.o
                0x0000000008000848                DCMorse
 .text.main     0x0000000008000bd8      0x170 build/PartB.o
                0x0000000008000bd8                main
 .text          0x0000000008000d48        0x0 lib_build/xmc_common.o
 .text.XMC_PRIOARRAY_GetHead
                0x0000000008000d48       0x2a lib_build/xmc_common.o
 .text.XMC_PRIOARRAY_GetItemPriority
                0x0000000008000d72       0x28 lib_build/xmc_common.o
 .text.XMC_PRIOARRAY_GetItemNext
                0x0000000008000d9a       0x28 lib_build/xmc_common.o
 .text.XMC_LIST_Init
                0x0000000008000dc2       0x1a lib_build/xmc_common.o
                0x0000000008000dc2                XMC_LIST_Init
 .text.XMC_LIST_GetHead
                0x0000000008000ddc       0x18 lib_build/xmc_common.o
                0x0000000008000ddc                XMC_LIST_GetHead
 .text.XMC_LIST_GetTail
                0x0000000008000df4       0x3a lib_build/xmc_common.o
                0x0000000008000df4                XMC_LIST_GetTail
 .text.XMC_LIST_Add
                0x0000000008000e2e       0x34 lib_build/xmc_common.o
                0x0000000008000e2e                XMC_LIST_Add
 .text.XMC_LIST_Remove
                0x0000000008000e62       0x64 lib_build/xmc_common.o
                0x0000000008000e62                XMC_LIST_Remove
 .text.XMC_LIST_Insert
                0x0000000008000ec6       0x3c lib_build/xmc_common.o
                0x0000000008000ec6                XMC_LIST_Insert
 .text.XMC_PRIOARRAY_Init
                0x0000000008000f02       0xb2 lib_build/xmc_common.o
                0x0000000008000f02                XMC_PRIOARRAY_Init
 .text.XMC_PRIOARRAY_Add
                0x0000000008000fb4       0xb0 lib_build/xmc_common.o
                0x0000000008000fb4                XMC_PRIOARRAY_Add
 .text.XMC_PRIOARRAY_Remove
                0x0000000008001064       0x66 lib_build/xmc_common.o
                0x0000000008001064                XMC_PRIOARRAY_Remove
 .text          0x00000000080010ca        0x0 lib_build/startup_XMC4500.o
 .text          0x00000000080010ca        0x0 lib_build/system_XMC4500.o
 .text.delay    0x00000000080010ca       0x2a lib_build/system_XMC4500.o
 .text.SystemInit
                0x00000000080010f4       0x24 lib_build/system_XMC4500.o
                0x00000000080010f4                SystemInit
 .text.SystemCoreSetup
                0x0000000008001118       0x70 lib_build/system_XMC4500.o
                0x0000000008001118                SystemCoreSetup
 .text.SystemCoreClockSetup
                0x0000000008001188      0x208 lib_build/system_XMC4500.o
                0x0000000008001188                SystemCoreClockSetup
 .text.SystemCoreClockUpdate
                0x0000000008001390       0xd4 lib_build/system_XMC4500.o
                0x0000000008001390                SystemCoreClockUpdate
 .text.OSCHP_GetFrequency
                0x0000000008001464       0x14 lib_build/system_XMC4500.o
                0x0000000008001464                OSCHP_GetFrequency
 .text          0x0000000008001478        0x0 lib_build/syscalls.o
 .text._sbrk    0x0000000008001478       0x68 lib_build/syscalls.o
                0x0000000008001478                _sbrk
 .text._init    0x00000000080014e0        0xe lib_build/syscalls.o
                0x00000000080014e0                _init
 .text          0x00000000080014ee        0x0 /usr/bin/../lib/gcc/arm-none-eabi/7.3.1/../../../../arm-none-eabi/lib/thumb/v7e-m/libg.a(lib_a-errno.o)
 *fill*         0x00000000080014ee        0x2 
 .text.__errno  0x00000000080014f0        0xc /usr/bin/../lib/gcc/arm-none-eabi/7.3.1/../../../../arm-none-eabi/lib/thumb/v7e-m/libg.a(lib_a-errno.o)
                0x00000000080014f0                __errno
 .text          0x00000000080014fc        0x0 /usr/bin/../lib/gcc/arm-none-eabi/7.3.1/../../../../arm-none-eabi/lib/thumb/v7e-m/libg.a(lib_a-impure.o)
 .text          0x00000000080014fc        0x0 /usr/bin/../lib/gcc/arm-none-eabi/7.3.1/../../../../arm-none-eabi/lib/thumb/v7e-m/libg.a(lib_a-init.o)
 .text.__libc_init_array
                0x00000000080014fc       0x48 /usr/bin/../lib/gcc/arm-none-eabi/7.3.1/../../../../arm-none-eabi/lib/thumb/v7e-m/libg.a(lib_a-init.o)
                0x00000000080014fc                __libc_init_array
 .text          0x0000000008001544        0x0 /usr/bin/../lib/gcc/arm-none-eabi/7.3.1/../../../../arm-none-eabi/lib/thumb/v7e-m/libg.a(lib_a-memset.o)
 .text.memset   0x0000000008001544       0x94 /usr/bin/../lib/gcc/arm-none-eabi/7.3.1/../../../../arm-none-eabi/lib/thumb/v7e-m/libg.a(lib_a-memset.o)
                0x0000000008001544                memset
 *(.init)
 *(.fini)
 *crtbegin.o(.ctors)
 *crtbegin?.o(.ctors)
 *(EXCLUDE_FILE(*crtend.o *crtend?.o) .ctors)
 *(SORT_BY_NAME(.ctors.*))
 *(.ctors)
 *crtbegin.o(.dtors)
 *crtbegin?.o(.dtors)
 *(EXCLUDE_FILE(*crtend.o *crtend?.o) .dtors)
 *(SORT_BY_NAME(.dtors.*))
 *(.dtors)
 *(.rodata .rodata.*)
 .rodata        0x00000000080015d8        0x2 build/PartB.o
 *fill*         0x00000000080015da        0x2 
 .rodata._global_impure_ptr
                0x00000000080015dc        0x4 /usr/bin/../lib/gcc/arm-none-eabi/7.3.1/../../../../arm-none-eabi/lib/thumb/v7e-m/libg.a(lib_a-impure.o)
                0x00000000080015dc                _global_impure_ptr
 *(.gnu.linkonce.r*)
 *(vtable)
                0x00000000080015e0                . = ALIGN (0x4)

.glue_7         0x00000000080015e0        0x0 load address 0x000000000c0015e0
 .glue_7        0x00000000080015e0        0x0 linker stubs

.glue_7t        0x00000000080015e0        0x0 load address 0x000000000c0015e0
 .glue_7t       0x00000000080015e0        0x0 linker stubs

.vfp11_veneer   0x00000000080015e0        0x0 load address 0x000000000c0015e0
 .vfp11_veneer  0x00000000080015e0        0x0 linker stubs

.v4_bx          0x00000000080015e0        0x0 load address 0x000000000c0015e0
 .v4_bx         0x00000000080015e0        0x0 linker stubs

.iplt           0x00000000080015e0        0x0 load address 0x000000000c0015e0
 .iplt          0x00000000080015e0        0x0 build/PartB.o

.rel.dyn        0x00000000080015e0        0x0 load address 0x000000000c0015e0
 .rel.iplt      0x00000000080015e0        0x0 build/PartB.o

.eh_frame_hdr
 *(.eh_frame_hdr)

.eh_frame
 *(.eh_frame)

.ARM.extab
 *(.ARM.extab* .gnu.linkonce.armextab.*)
                0x00000000080015e0                . = ALIGN (0x4)
                0x00000000080015e0                __exidx_start = .

.ARM.exidx
 *(.ARM.exidx* .gnu.linkonce.armexidx.*)
                0x00000000080015e0                __exidx_end = .
                0x00000000080015e0                . = ALIGN (0x4)

Stack           0x0000000010000000      0x800
                0x0000000010000000                __stack_start = .
                0x0000000010000800                . = (. + stack_size)
 *fill*         0x0000000010000000      0x800 
                0x0000000010000800                __stack_end = .
                0x0000000010000800                __initial_sp = .

.ram_code       0x0000000010000800        0x0 load address 0x000000000c0015e0
                0x0000000010000800                . = ALIGN (0x4)
                0x0000000010000800                __ram_code_start = .
 *(.ram_code)
                0x0000000010000800                . = ALIGN (0x4)
                0x0000000010000800                __ram_code_end = .
                0x000000000c0015e0                __ram_code_load = LOADADDR (.ram_code)
                0x0000000000000000                __ram_code_size = (__ram_code_end - __ram_code_start)

PSRAM_DATA      0x0000000010000800        0x0 load address 0x000000000c0015e0
                0x0000000010000800                . = ALIGN (0x4)
                0x0000000010000800                __data3_start = .
 *(PSRAM_DATA)
                0x0000000010000800                . = ALIGN (0x4)
                0x0000000010000800                __data3_end = .
                0x000000000c0015e0                __data3_load = LOADADDR (PSRAM_DATA)
                0x0000000000000000                __data3_size = (__data3_end - __data3_start)

PSRAM_BSS       0x0000000010000800        0x0 load address 0x000000000c0015e0
                0x0000000010000800                . = ALIGN (0x4)
                0x0000000010000800                __bss3_start = .
 *(PSRAM_BSS)
                0x0000000010000800                . = ALIGN (0x4)
                0x0000000010000800                __bss3_end = .
                0x0000000010000800                . = ALIGN (0x8)
                0x0000000010000800                Heap_Bank3_Start = .
                0x0000000000000000                __bss3_size = (__bss3_end - __bss3_start)

.data           0x0000000020000000      0x430 load address 0x000000000c0015e0
                0x0000000020000000                . = ALIGN (0x4)
                0x0000000020000000                __data_start = .
 *(.data)
 .data          0x0000000020000000        0x4 build/PartB.o
                0x0000000020000000                point
 .data          0x0000000020000004        0x0 lib_build/xmc_common.o
 .data          0x0000000020000004        0x0 lib_build/startup_XMC4500.o
 .data          0x0000000020000004        0x0 lib_build/system_XMC4500.o
 .data          0x0000000020000004        0x0 lib_build/syscalls.o
 .data          0x0000000020000004        0x0 /usr/bin/../lib/gcc/arm-none-eabi/7.3.1/../../../../arm-none-eabi/lib/thumb/v7e-m/libg.a(lib_a-errno.o)
 .data          0x0000000020000004        0x0 /usr/bin/../lib/gcc/arm-none-eabi/7.3.1/../../../../arm-none-eabi/lib/thumb/v7e-m/libg.a(lib_a-impure.o)
 .data          0x0000000020000004        0x0 /usr/bin/../lib/gcc/arm-none-eabi/7.3.1/../../../../arm-none-eabi/lib/thumb/v7e-m/libg.a(lib_a-init.o)
 .data          0x0000000020000004        0x0 /usr/bin/../lib/gcc/arm-none-eabi/7.3.1/../../../../arm-none-eabi/lib/thumb/v7e-m/libg.a(lib_a-memset.o)
 *(.data*)
 .data._impure_ptr
                0x0000000020000004        0x4 /usr/bin/../lib/gcc/arm-none-eabi/7.3.1/../../../../arm-none-eabi/lib/thumb/v7e-m/libg.a(lib_a-impure.o)
                0x0000000020000004                _impure_ptr
 .data.impure_data
                0x0000000020000008      0x428 /usr/bin/../lib/gcc/arm-none-eabi/7.3.1/../../../../arm-none-eabi/lib/thumb/v7e-m/libg.a(lib_a-impure.o)
 *(*.data)
 *(.gnu.linkonce.d*)
                0x0000000020000430                . = ALIGN (0x4)
                0x0000000020000430                PROVIDE (__preinit_array_start = .)
 *(.preinit_array)
                0x0000000020000430                PROVIDE (__preinit_array_end = .)
                0x0000000020000430                . = ALIGN (0x4)
                0x0000000020000430                PROVIDE (__init_array_start = .)
 *(SORT_BY_NAME(.init_array.*))
 *(.init_array)
                0x0000000020000430                PROVIDE (__init_array_end = .)
                0x0000000020000430                . = ALIGN (0x4)
                [!provide]                        PROVIDE (__fini_array_start = .)
 *(SORT_BY_NAME(.fini_array.*))
 *(.fini_array)
                [!provide]                        PROVIDE (__fini_array_end = .)
                0x0000000020000430                . = ALIGN (0x4)
                0x0000000020000430                __data_end = .
                0x000000000c0015e0                __data_load = LOADADDR (.data)
                0x0000000000000430                __data_size = (__data_end - __data_start)

.igot.plt       0x0000000020000430        0x0 load address 0x000000000c001a10
 .igot.plt      0x0000000020000430        0x0 build/PartB.o

.bss            0x0000000020000430       0x18 load address 0x000000000c001a10
                0x0000000020000430                . = ALIGN (0x4)
                0x0000000020000430                __bss_start = .
 *(.bss)
 .bss           0x0000000020000430        0xc build/PartB.o
                0x0000000020000430                msTicks
                0x0000000020000434                pdTimes
 .bss           0x000000002000043c        0x0 lib_build/xmc_common.o
 .bss           0x000000002000043c        0x0 lib_build/startup_XMC4500.o
 .bss           0x000000002000043c        0x0 lib_build/system_XMC4500.o
 .bss           0x000000002000043c        0x8 lib_build/syscalls.o
                0x000000002000043c                __dso_handle
 .bss           0x0000000020000444        0x0 /usr/bin/../lib/gcc/arm-none-eabi/7.3.1/../../../../arm-none-eabi/lib/thumb/v7e-m/libg.a(lib_a-errno.o)
 .bss           0x0000000020000444        0x0 /usr/bin/../lib/gcc/arm-none-eabi/7.3.1/../../../../arm-none-eabi/lib/thumb/v7e-m/libg.a(lib_a-impure.o)
 .bss           0x0000000020000444        0x0 /usr/bin/../lib/gcc/arm-none-eabi/7.3.1/../../../../arm-none-eabi/lib/thumb/v7e-m/libg.a(lib_a-init.o)
 .bss           0x0000000020000444        0x0 /usr/bin/../lib/gcc/arm-none-eabi/7.3.1/../../../../arm-none-eabi/lib/thumb/v7e-m/libg.a(lib_a-memset.o)
 *(.bss*)
 *(COMMON)
 *(.gnu.linkonce.b*)
                0x0000000020000444                . = ALIGN (0x4)
                0x0000000020000444                __bss_end = .
                0x0000000020000448                . = ALIGN (0x8)
 *fill*         0x0000000020000444        0x4 
                0x0000000020000448                Heap_Bank1_Start = .
                0x0000000000000014                __bss_size = (__bss_end - __bss_start)

.no_init        0x000000002000ffc0       0x14
                0x000000002000ffc0                Heap_Bank1_End = .
 *(.no_init)
 .no_init       0x000000002000ffc0       0x14 lib_build/system_XMC4500.o
                0x000000002000ffc0                SystemCoreClock
                0x000000002000ffc4                g_chipid

DSRAM2_DATA     0x0000000030000000        0x0 load address 0x000000000c001a10
                0x0000000030000000                . = ALIGN (0x4)
                0x0000000030000000                __data2_start = .
 *(DSRAM2_DATA)
                0x0000000030000000                . = ALIGN (0x4)
                0x0000000030000000                __data2_end = .
                0x000000000c001a10                __data2_load = LOADADDR (DSRAM2_DATA)
                0x0000000000000000                __data2_size = (__data2_end - __data2_start)
                0x0000000000001a10                __text_size = (((((__exidx_end - sText) + __data_size) + __ram_code_size) + __data2_size) + __data3_size)
                0x0000000008001a10                eText = (sText + __text_size)

DSRAM2_BSS      0x0000000030000000        0x0 load address 0x000000000c001a10
                0x0000000030000000                . = ALIGN (0x4)
                0x0000000030000000                __bss2_start = .
 *(ETH_RAM)
 *(USB_RAM)
 *(DSRAM2_BSS)
                0x0000000030000000                . = ALIGN (0x4)
                0x0000000030000000                __bss2_end = .
                0x0000000030000000                . = ALIGN (0x8)
                0x0000000030000000                Heap_Bank2_Start = .
                0x0000000000000000                __bss2_size = (__bss2_end - __bss2_start)
                0x000000000000fb78                Heap_Bank1_Size = (Heap_Bank1_End - Heap_Bank1_Start)
                0x0000000000008000                Heap_Bank2_Size = (LENGTH (DSRAM_2_comm) - (Heap_Bank2_Start - ORIGIN (DSRAM_2_comm)))
                0x000000000000f800                Heap_Bank3_Size = (LENGTH (PSRAM_1) - (Heap_Bank3_Start - ORIGIN (PSRAM_1)))
                0x0000000000000001                ASSERT ((Heap_Bank1_Start <= Heap_Bank1_End), region SRAM_combined overflowed no_init section)

/DISCARD/
 *(.comment)

.stab
 *(.stab)

.stabstr
 *(.stabstr)

.debug
 *(.debug)

.line
 *(.line)

.debug_srcinfo
 *(.debug_srcinfo)

.debug_sfnames
 *(.debug_sfnames)

.debug_aranges  0x0000000000000000      0x170
 *(.debug_aranges)
 .debug_aranges
                0x0000000000000000       0x68 build/PartB.o
 .debug_aranges
                0x0000000000000068       0x78 lib_build/xmc_common.o
 .debug_aranges
                0x00000000000000e0       0x20 lib_build/startup_XMC4500.o
 .debug_aranges
                0x0000000000000100       0x48 lib_build/system_XMC4500.o
 .debug_aranges
                0x0000000000000148       0x28 lib_build/syscalls.o

.debug_pubnames
 *(.debug_pubnames)

.debug_pubtypes
 *(.debug_pubtypes)

.debug_info     0x0000000000000000     0x3d5f
 *(.debug_info .gnu.linkonce.wi.*)
 .debug_info    0x0000000000000000     0x139f build/PartB.o
 .debug_info    0x000000000000139f      0xd96 lib_build/xmc_common.o
 .debug_info    0x0000000000002135       0x26 lib_build/startup_XMC4500.o
 .debug_info    0x000000000000215b     0x11ca lib_build/system_XMC4500.o
 .debug_info    0x0000000000003325      0xa3a lib_build/syscalls.o

.debug_abbrev   0x0000000000000000      0x95c
 *(.debug_abbrev)
 .debug_abbrev  0x0000000000000000      0x2b9 build/PartB.o
 .debug_abbrev  0x00000000000002b9      0x22c lib_build/xmc_common.o
 .debug_abbrev  0x00000000000004e5       0x14 lib_build/startup_XMC4500.o
 .debug_abbrev  0x00000000000004f9      0x287 lib_build/system_XMC4500.o
 .debug_abbrev  0x0000000000000780      0x1dc lib_build/syscalls.o

.debug_line     0x0000000000000000     0x1111
 *(.debug_line)
 .debug_line    0x0000000000000000      0x52f build/PartB.o
 .debug_line    0x000000000000052f      0x468 lib_build/xmc_common.o
 .debug_line    0x0000000000000997       0xd1 lib_build/startup_XMC4500.o
 .debug_line    0x0000000000000a68      0x404 lib_build/system_XMC4500.o
 .debug_line    0x0000000000000e6c      0x2a5 lib_build/syscalls.o

.debug_frame    0x0000000000000000      0x54c
 *(.debug_frame)
 .debug_frame   0x0000000000000000      0x190 build/PartB.o
 .debug_frame   0x0000000000000190      0x1f0 lib_build/xmc_common.o
 .debug_frame   0x0000000000000380       0xec lib_build/system_XMC4500.o
 .debug_frame   0x000000000000046c       0x5c lib_build/syscalls.o
 .debug_frame   0x00000000000004c8       0x20 /usr/bin/../lib/gcc/arm-none-eabi/7.3.1/../../../../arm-none-eabi/lib/thumb/v7e-m/libg.a(lib_a-errno.o)
 .debug_frame   0x00000000000004e8       0x2c /usr/bin/../lib/gcc/arm-none-eabi/7.3.1/../../../../arm-none-eabi/lib/thumb/v7e-m/libg.a(lib_a-init.o)
 .debug_frame   0x0000000000000514       0x38 /usr/bin/../lib/gcc/arm-none-eabi/7.3.1/../../../../arm-none-eabi/lib/thumb/v7e-m/libg.a(lib_a-memset.o)

.debug_str      0x0000000000000000    0x72018
 *(.debug_str)
 .debug_str     0x0000000000000000    0x6ff10 build/PartB.o
                                      0x70178 (size before relaxing)
 .debug_str     0x000000000006ff10      0x1b5 lib_build/xmc_common.o
                                      0x6fa88 (size before relaxing)
 .debug_str     0x00000000000700c5       0x8f lib_build/startup_XMC4500.o
 .debug_str     0x0000000000070154      0xdff lib_build/system_XMC4500.o
                                      0x7018e (size before relaxing)
 .debug_str     0x0000000000070f53     0x10c5 lib_build/syscalls.o
                                       0x7b65 (size before relaxing)

.debug_loc      0x0000000000000000      0x984
 *(.debug_loc)
 .debug_loc     0x0000000000000000      0x314 build/PartB.o
 .debug_loc     0x0000000000000314      0x438 lib_build/xmc_common.o
 .debug_loc     0x000000000000074c      0x1a4 lib_build/system_XMC4500.o
 .debug_loc     0x00000000000008f0       0x94 lib_build/syscalls.o

.debug_macinfo
 *(.debug_macinfo)

.debug_ranges   0x0000000000000000      0x110
 *(.debug_ranges)
 .debug_ranges  0x0000000000000000       0x58 build/PartB.o
 .debug_ranges  0x0000000000000058       0x68 lib_build/xmc_common.o
 .debug_ranges  0x00000000000000c0       0x38 lib_build/system_XMC4500.o
 .debug_ranges  0x00000000000000f8       0x18 lib_build/syscalls.o

.debug_weaknames
 *(.debug_weaknames)

.debug_funcnames
 *(.debug_funcnames)

.debug_typenames
 *(.debug_typenames)

.debug_varnames
 *(.debug_varnames)

.build_attributes
                0x0000000000000000      0x1b9
 *(.ARM.attributes)
 .ARM.attributes
                0x0000000000000000       0x37 build/PartB.o
 .ARM.attributes
                0x0000000000000037       0x37 lib_build/xmc_common.o
 .ARM.attributes
                0x000000000000006e       0x25 lib_build/startup_XMC4500.o
 .ARM.attributes
                0x0000000000000093       0x37 lib_build/system_XMC4500.o
 .ARM.attributes
                0x00000000000000ca       0x37 lib_build/syscalls.o
 .ARM.attributes
                0x0000000000000101       0x2e /usr/bin/../lib/gcc/arm-none-eabi/7.3.1/../../../../arm-none-eabi/lib/thumb/v7e-m/libg.a(lib_a-errno.o)
 .ARM.attributes
                0x000000000000012f       0x2e /usr/bin/../lib/gcc/arm-none-eabi/7.3.1/../../../../arm-none-eabi/lib/thumb/v7e-m/libg.a(lib_a-impure.o)
 .ARM.attributes
                0x000000000000015d       0x2e /usr/bin/../lib/gcc/arm-none-eabi/7.3.1/../../../../arm-none-eabi/lib/thumb/v7e-m/libg.a(lib_a-init.o)
 .ARM.attributes
                0x000000000000018b       0x2e /usr/bin/../lib/gcc/arm-none-eabi/7.3.1/../../../../arm-none-eabi/lib/thumb/v7e-m/libg.a(lib_a-memset.o)
OUTPUT(build/main.elf elf32-littlearm)

.debug_macro    0x0000000000000000    0x17f25
 .debug_macro   0x0000000000000000      0x1be build/PartB.o
 .debug_macro   0x00000000000001be      0xa4e build/PartB.o
 .debug_macro   0x0000000000000c0c      0x16d build/PartB.o
 .debug_macro   0x0000000000000d79       0x22 build/PartB.o
 .debug_macro   0x0000000000000d9b       0x8e build/PartB.o
 .debug_macro   0x0000000000000e29       0x51 build/PartB.o
 .debug_macro   0x0000000000000e7a       0xef build/PartB.o
 .debug_macro   0x0000000000000f69       0x6a build/PartB.o
 .debug_macro   0x0000000000000fd3      0x1df build/PartB.o
 .debug_macro   0x00000000000011b2       0x22 build/PartB.o
 .debug_macro   0x00000000000011d4       0x5e build/PartB.o
 .debug_macro   0x0000000000001232       0x18 build/PartB.o
 .debug_macro   0x000000000000124a       0x35 build/PartB.o
 .debug_macro   0x000000000000127f       0x34 build/PartB.o
 .debug_macro   0x00000000000012b3       0x58 build/PartB.o
 .debug_macro   0x000000000000130b       0x1f build/PartB.o
 .debug_macro   0x000000000000132a       0x43 build/PartB.o
 .debug_macro   0x000000000000136d       0x20 build/PartB.o
 .debug_macro   0x000000000000138d      0x18e build/PartB.o
 .debug_macro   0x000000000000151b      0x353 build/PartB.o
 .debug_macro   0x000000000000186e       0x10 build/PartB.o
 .debug_macro   0x000000000000187e       0x35 build/PartB.o
 .debug_macro   0x00000000000018b3      0x167 build/PartB.o
 .debug_macro   0x0000000000001a1a       0x2d build/PartB.o
 .debug_macro   0x0000000000001a47       0x28 build/PartB.o
 .debug_macro   0x0000000000001a6f       0xaf build/PartB.o
 .debug_macro   0x0000000000001b1e      0xfe7 build/PartB.o
 .debug_macro   0x0000000000002b05       0x16 build/PartB.o
 .debug_macro   0x0000000000002b1b    0x1474b build/PartB.o
 .debug_macro   0x0000000000017266       0x12 build/PartB.o
 .debug_macro   0x0000000000017278       0x4c build/PartB.o
 .debug_macro   0x00000000000172c4       0x16 build/PartB.o
 .debug_macro   0x00000000000172da       0x16 build/PartB.o
 .debug_macro   0x00000000000172f0       0x29 build/PartB.o
 .debug_macro   0x0000000000017319      0x18a lib_build/xmc_common.o
 .debug_macro   0x00000000000174a3      0x303 lib_build/system_XMC4500.o
 .debug_macro   0x00000000000177a6       0x58 lib_build/system_XMC4500.o
 .debug_macro   0x00000000000177fe       0x94 lib_build/system_XMC4500.o
 .debug_macro   0x0000000000017892       0x57 lib_build/system_XMC4500.o
 .debug_macro   0x00000000000178e9       0x22 lib_build/system_XMC4500.o
 .debug_macro   0x000000000001790b      0x191 lib_build/syscalls.o
 .debug_macro   0x0000000000017a9c       0x10 lib_build/syscalls.o
 .debug_macro   0x0000000000017aac      0x23b lib_build/syscalls.o
 .debug_macro   0x0000000000017ce7       0x10 lib_build/syscalls.o
 .debug_macro   0x0000000000017cf7       0x1c lib_build/syscalls.o
 .debug_macro   0x0000000000017d13       0x52 lib_build/syscalls.o
 .debug_macro   0x0000000000017d65       0x40 lib_build/syscalls.o
 .debug_macro   0x0000000000017da5       0x10 lib_build/syscalls.o
 .debug_macro   0x0000000000017db5       0x40 lib_build/syscalls.o
 .debug_macro   0x0000000000017df5       0xd7 lib_build/syscalls.o
 .debug_macro   0x0000000000017ecc       0x1c lib_build/syscalls.o
 .debug_macro   0x0000000000017ee8       0x3d lib_build/syscalls.o
